Archive member included to satisfy reference by file (symbol)

/opt/stm32cubeide/plugins/com.st.stm32cube.ide.mcu.externaltools.gnu-tools-for-stm32.13.3.rel1.linux64_1.0.0.202410170706/tools/bin/../lib/gcc/arm-none-eabi/13.3.1/../../../../arm-none-eabi/lib/thumb/v7e-m+fp/hard/libc_nano.a(libc_a-exit.o)
                              /opt/stm32cubeide/plugins/com.st.stm32cube.ide.mcu.externaltools.gnu-tools-for-stm32.13.3.rel1.linux64_1.0.0.202410170706/tools/bin/../lib/gcc/arm-none-eabi/13.3.1/../../../../arm-none-eabi/lib/thumb/v7e-m+fp/hard/crt0.o (exit)
/opt/stm32cubeide/plugins/com.st.stm32cube.ide.mcu.externaltools.gnu-tools-for-stm32.13.3.rel1.linux64_1.0.0.202410170706/tools/bin/../lib/gcc/arm-none-eabi/13.3.1/../../../../arm-none-eabi/lib/thumb/v7e-m+fp/hard/libc_nano.a(libc_a-findfp.o)
                              /opt/stm32cubeide/plugins/com.st.stm32cube.ide.mcu.externaltools.gnu-tools-for-stm32.13.3.rel1.linux64_1.0.0.202410170706/tools/bin/../lib/gcc/arm-none-eabi/13.3.1/../../../../arm-none-eabi/lib/thumb/v7e-m+fp/hard/libc_nano.a(libc_a-exit.o) (__stdio_exit_handler)
/opt/stm32cubeide/plugins/com.st.stm32cube.ide.mcu.externaltools.gnu-tools-for-stm32.13.3.rel1.linux64_1.0.0.202410170706/tools/bin/../lib/gcc/arm-none-eabi/13.3.1/../../../../arm-none-eabi/lib/thumb/v7e-m+fp/hard/libc_nano.a(libc_a-fwalk.o)
                              /opt/stm32cubeide/plugins/com.st.stm32cube.ide.mcu.externaltools.gnu-tools-for-stm32.13.3.rel1.linux64_1.0.0.202410170706/tools/bin/../lib/gcc/arm-none-eabi/13.3.1/../../../../arm-none-eabi/lib/thumb/v7e-m+fp/hard/libc_nano.a(libc_a-findfp.o) (_fwalk_sglue)
/opt/stm32cubeide/plugins/com.st.stm32cube.ide.mcu.externaltools.gnu-tools-for-stm32.13.3.rel1.linux64_1.0.0.202410170706/tools/bin/../lib/gcc/arm-none-eabi/13.3.1/../../../../arm-none-eabi/lib/thumb/v7e-m+fp/hard/libc_nano.a(libc_a-sprintf.o)
                              ./Core/Src/main.o (sprintf)
/opt/stm32cubeide/plugins/com.st.stm32cube.ide.mcu.externaltools.gnu-tools-for-stm32.13.3.rel1.linux64_1.0.0.202410170706/tools/bin/../lib/gcc/arm-none-eabi/13.3.1/../../../../arm-none-eabi/lib/thumb/v7e-m+fp/hard/libc_nano.a(libc_a-stdio.o)
                              /opt/stm32cubeide/plugins/com.st.stm32cube.ide.mcu.externaltools.gnu-tools-for-stm32.13.3.rel1.linux64_1.0.0.202410170706/tools/bin/../lib/gcc/arm-none-eabi/13.3.1/../../../../arm-none-eabi/lib/thumb/v7e-m+fp/hard/libc_nano.a(libc_a-findfp.o) (__sread)
/opt/stm32cubeide/plugins/com.st.stm32cube.ide.mcu.externaltools.gnu-tools-for-stm32.13.3.rel1.linux64_1.0.0.202410170706/tools/bin/../lib/gcc/arm-none-eabi/13.3.1/../../../../arm-none-eabi/lib/thumb/v7e-m+fp/hard/libc_nano.a(libc_a-memset.o)
                              /opt/stm32cubeide/plugins/com.st.stm32cube.ide.mcu.externaltools.gnu-tools-for-stm32.13.3.rel1.linux64_1.0.0.202410170706/tools/bin/../lib/gcc/arm-none-eabi/13.3.1/../../../../arm-none-eabi/lib/thumb/v7e-m+fp/hard/crt0.o (memset)
/opt/stm32cubeide/plugins/com.st.stm32cube.ide.mcu.externaltools.gnu-tools-for-stm32.13.3.rel1.linux64_1.0.0.202410170706/tools/bin/../lib/gcc/arm-none-eabi/13.3.1/../../../../arm-none-eabi/lib/thumb/v7e-m+fp/hard/libc_nano.a(libc_a-closer.o)
                              /opt/stm32cubeide/plugins/com.st.stm32cube.ide.mcu.externaltools.gnu-tools-for-stm32.13.3.rel1.linux64_1.0.0.202410170706/tools/bin/../lib/gcc/arm-none-eabi/13.3.1/../../../../arm-none-eabi/lib/thumb/v7e-m+fp/hard/libc_nano.a(libc_a-stdio.o) (_close_r)
/opt/stm32cubeide/plugins/com.st.stm32cube.ide.mcu.externaltools.gnu-tools-for-stm32.13.3.rel1.linux64_1.0.0.202410170706/tools/bin/../lib/gcc/arm-none-eabi/13.3.1/../../../../arm-none-eabi/lib/thumb/v7e-m+fp/hard/libc_nano.a(libc_a-reent.o)
                              /opt/stm32cubeide/plugins/com.st.stm32cube.ide.mcu.externaltools.gnu-tools-for-stm32.13.3.rel1.linux64_1.0.0.202410170706/tools/bin/../lib/gcc/arm-none-eabi/13.3.1/../../../../arm-none-eabi/lib/thumb/v7e-m+fp/hard/libc_nano.a(libc_a-closer.o) (errno)
/opt/stm32cubeide/plugins/com.st.stm32cube.ide.mcu.externaltools.gnu-tools-for-stm32.13.3.rel1.linux64_1.0.0.202410170706/tools/bin/../lib/gcc/arm-none-eabi/13.3.1/../../../../arm-none-eabi/lib/thumb/v7e-m+fp/hard/libc_nano.a(libc_a-impure.o)
                              /opt/stm32cubeide/plugins/com.st.stm32cube.ide.mcu.externaltools.gnu-tools-for-stm32.13.3.rel1.linux64_1.0.0.202410170706/tools/bin/../lib/gcc/arm-none-eabi/13.3.1/../../../../arm-none-eabi/lib/thumb/v7e-m+fp/hard/libc_nano.a(libc_a-sprintf.o) (_impure_ptr)
/opt/stm32cubeide/plugins/com.st.stm32cube.ide.mcu.externaltools.gnu-tools-for-stm32.13.3.rel1.linux64_1.0.0.202410170706/tools/bin/../lib/gcc/arm-none-eabi/13.3.1/../../../../arm-none-eabi/lib/thumb/v7e-m+fp/hard/libc_nano.a(libc_a-lseekr.o)
[...]
Memory Configuration

Name             Origin             Length             Attributes
CCMRAM           0x10000000         0x00010000         xrw
RAM              0x20000000         0x00020000         xrw
FLASH            0x08000000         0x00100000         xr
*default*        0x00000000         0xffffffff

Linker script and memory map

LOAD /opt/stm32cubeide/plugins/com.st.stm32cube.ide.mcu.externaltools.gnu-tools-for-stm32.13.3.rel1.linux64_1.0.0.202410170706/tools/bin/../lib/gcc/arm-none-eabi/13.3.1/thumb/v7e-m+fp/hard/crti.o
LOAD /opt/stm32cubeide/plugins/com.st.stm32cube.ide.mcu.externaltools.gnu-tools-for-stm32.13.3.rel1.linux64_1.0.0.202410170706/tools/bin/../lib/gcc/arm-none-eabi/13.3.1/thumb/v7e-m+fp/hard/crtbegin.o
LOAD /opt/stm32cubeide/plugins/com.st.stm32cube.ide.mcu.externaltools.gnu-tools-for-stm32.13.3.rel1.linux64_1.0.0.202410170706/tools/bin/../lib/gcc/arm-none-eabi/13.3.1/../../../../arm-none-eabi/lib/thumb/v7e-m+fp/hard/crt0.o
LOAD ./Core/Src/i2c.o
LOAD ./Core/Src/lcd.o
LOAD ./Core/Src/led.o
LOAD ./Core/Src/main.o
LOAD ./Core/Src/rtc.o
LOAD ./Core/Src/stm32f4xx_hal_msp.o
LOAD ./Core/Src/stm32f4xx_it.o
LOAD ./Core/Src/syscalls.o
LOAD ./Core/Src/sysmem.o
LOAD ./Core/Src/system_stm32f4xx.o
LOAD ./Core/Src/timer.o
LOAD ./Core/Startup/startup_stm32f407vgtx.o
LOAD ./Drivers/STM32F4xx_HAL_Driver/Src/stm32f4xx_hal.o
LOAD ./Drivers/STM32F4xx_HAL_Driver/Src/stm32f4xx_hal_adc.o
LOAD ./Drivers/STM32F4xx_HAL_Driver/Src/stm32f4xx_hal_adc_ex.o
LOAD ./Drivers/STM32F4xx_HAL_Driver/Src/stm32f4xx_hal_cortex.o
LOAD ./Drivers/STM32F4xx_HAL_Driver/Src/stm32f4xx_hal_dma.o
LOAD ./Drivers/STM32F4xx_HAL_Driver/Src/stm32f4xx_hal_dma_ex.o
LOAD ./Drivers/STM32F4xx_HAL_Driver/Src/stm32f4xx_hal_exti.o
LOAD ./Drivers/STM32F4xx_HAL_Driver/Src/stm32f4xx_hal_flash.o
LOAD ./Drivers/STM32F4xx_HAL_Driver/Src/stm32f4xx_hal_flash_ex.o
LOAD ./Drivers/STM32F4xx_HAL_Driver/Src/stm32f4xx_hal_flash_ramfunc.o
LOAD ./Drivers/STM32F4xx_HAL_Driver/Src/stm32f4xx_hal_gpio.o
LOAD ./Drivers/STM32F4xx_HAL_Driver/Src/stm32f4xx_hal_pwr.o
LOAD ./Drivers/STM32F4xx_HAL_Driver/Src/stm32f4xx_hal_pwr_ex.o
LOAD ./Drivers/STM32F4xx_HAL_Driver/Src/stm32f4xx_hal_rcc.o
LOAD ./Drivers/STM32F4xx_HAL_Driver/Src/stm32f4xx_hal_rcc_ex.o
LOAD ./Drivers/STM32F4xx_HAL_Driver/Src/stm32f4xx_hal_uart.o
LOAD ./Drivers/STM32F4xx_HAL_Driver/Src/stm32f4xx_ll_adc.o
START GROUP
LOAD /opt/stm32cubeide/plugins/com.st.stm32cube.ide.mcu.externaltools.gnu-tools-for-stm32.13.3.rel1.linux64_1.0.0.202410170706/tools/bin/../lib/gcc/arm-none-eabi/13.3.1/../../../../arm-none-eabi/lib/thumb/v7e-m+fp/hard/libc_nano.a
LOAD /opt/stm32cubeide/plugins/com.st.stm32cube.ide.mcu.externaltools.gnu-tools-for-stm32.13.3.rel1.linux64_1.0.0.202410170706/tools/bin/../lib/gcc/arm-none-eabi/13.3.1/../../../../arm-none-eabi/lib/thumb/v7e-m+fp/hard/libm.a
END GROUP
START GROUP
LOAD /opt/stm32cubeide/plugins/com.st.stm32cube.ide.mcu.externaltools.gnu-tools-for-stm32.13.3.rel1.linux64_1.0.0.202410170706/tools/bin/../lib/gcc/arm-none-eabi/13.3.1/thumb/v7e-m+fp/hard/libgcc.a
LOAD /opt/stm32cubeide/plugins/com.st.stm32cube.ide.mcu.externaltools.gnu-tools-for-stm32.13.3.rel1.linux64_1.0.0.202410170706/tools/bin/../lib/gcc/arm-none-eabi/13.3.1/../../../../arm-none-eabi/lib/thumb/v7e-m+fp/hard/libc_nano.a
END GROUP
START GROUP
LOAD /opt/stm32cubeide/plugins/com.st.stm32cube.ide.mcu.externaltools.gnu-tools-for-stm32.13.3.rel1.linux64_1.0.0.202410170706/tools/bin/../lib/gcc/arm-none-eabi/13.3.1/thumb/v7e-m+fp/hard/libgcc.a
LOAD /opt/stm32cubeide/plugins/com.st.stm32cube.ide.mcu.externaltools.gnu-tools-for-stm32.13.3.rel1.linux64_1.0.0.202410170706/tools/bin/../lib/gcc/arm-none-eabi/13.3.1/../../../../arm-none-eabi/lib/thumb/v7e-m+fp/hard/libc_nano.a
LOAD /opt/stm32cubeide/plugins/com.st.stm32cube.ide.mcu.externaltools.gnu-tools-for-stm32.13.3.rel1.linux64_1.0.0.202410170706/tools/bin/../lib/gcc/arm-none-eabi/13.3.1/../../../../arm-none-eabi/lib/thumb/v7e-m+fp/hard/libnosys.a
END GROUP
START GROUP
LOAD /opt/stm32cubeide/plugins/com.st.stm32cube.ide.mcu.externaltools.gnu-tools-for-stm32.13.3.rel1.linux64_1.0.0.202410170706/tools/bin/../lib/gcc/arm-none-eabi/13.3.1/thumb/v7e-m+fp/hard/libgcc.a
LOAD /opt/stm32cubeide/plugins/com.st.stm32cube.ide.mcu.externaltools.gnu-tools-for-stm32.13.3.rel1.linux64_1.0.0.202410170706/tools/bin/../lib/gcc/arm-none-eabi/13.3.1/../../../../arm-none-eabi/lib/thumb/v7e-m+fp/hard/libc_nano.a
LOAD /opt/stm32cubeide/plugins/com.st.stm32cube.ide.mcu.externaltools.gnu-tools-for-stm32.13.3.rel1.linux64_1.0.0.202410170706/tools/bin/../lib/gcc/arm-none-eabi/13.3.1/../../../../arm-none-eabi/lib/thumb/v7e-m+fp/hard/libnosys.a
END GROUP
LOAD /opt/stm32cubeide/plugins/com.st.stm32cube.ide.mcu.externaltools.gnu-tools-for-stm32.13.3.rel1.linux64_1.0.0.202410170706/tools/bin/../lib/gcc/arm-none-eabi/13.3.1/thumb/v7e-m+fp/hard/crtend.o
LOAD /opt/stm32cubeide/plugins/com.st.stm32cube.ide.mcu.externaltools.gnu-tools-for-stm32.13.3.rel1.linux64_1.0.0.202410170706/tools/bin/../lib/gcc/arm-none-eabi/13.3.1/thumb/v7e-m+fp/hard/crtn.o
                0x20020000                        _estack = (ORIGIN (RAM) + LENGTH (RAM))
                0x00000200                        _Min_Heap_Size = 0x200
                0x00000400                        _Min_Stack_Size = 0x400

.isr_vector     0x08000000      0x188
                0x08000000                        . = ALIGN (0x4)
 *(.isr_vector)
 .isr_vector    0x08000000      0x188 ./Core/Startup/startup_stm32f407vgtx.o
                0x08000000                g_pfnVectors
                0x08000188                        . = ALIGN (0x4)

.text           0x08000190     0x3b34
                0x08000190                        . = ALIGN (0x4)
 *(.text)
 .text          0x08000190       0x40 /opt/stm32cubeide/plugins/com.st.stm32cube.ide.mcu.externaltools.gnu-tools-for-stm32.13.3.rel1.linux64_1.0.0.202410170706/tools/bin/../lib/gcc/arm-none-eabi/13.3.1/thumb/v7e-m+fp/hard/crtbegin.o
 .text          0x080001d0       0x10 /opt/stm32cubeide/plugins/com.st.stm32cube.ide.mcu.externaltools.gnu-tools-for-stm32.13.3.rel1.linux64_1.0.0.202410170706/tools/bin/../lib/gcc/arm-none-eabi/13.3.1/../../../../arm-none-eabi/lib/thumb/v7e-m+fp/hard/libc_nano.a(libc_a-strlen.o)
                0x080001d0                strlen
 .text          0x080001e0       0xa0 /opt/stm32cubeide/plugins/com.st.stm32cube.ide.mcu.externaltools.gnu-tools-for-stm32.13.3.rel1.linux64_1.0.0.202410170706/tools/bin/../lib/gcc/arm-none-eabi/13.3.1/../../../../arm-none-eabi/lib/thumb/v7e-m+fp/hard/libc_nano.a(libc_a-memchr.o)
                0x080001e0                memchr
 .text          0x08000280       0x30 /opt/stm32cubeide/plugins/com.st.stm32cube.ide.mcu.externaltools.gnu-tools-for-stm32.13.3.rel1.linux64_1.0.0.202410170706/tools/bin/../lib/gcc/arm-none-eabi/13.3.1/thumb/v7e-m+fp/hard/libgcc.a(_aeabi_uldivmod.o)
                0x08000280                __aeabi_uldivmod
 .text          0x080002b0      0x2f8 /opt/stm32cubeide/plugins/com.st.stm32cube.ide.mcu.externaltools.gnu-tools-for-stm32.13.3.rel1.linux64_1.0.0.202410170706/tools/bin/../lib/gcc/arm-none-eabi/13.3.1/thumb/v7e-m+fp/hard/libgcc.a(_udivmoddi4.o)
                0x080002b0                __udivmoddi4
 .text          0x080005a8        0x4 /opt/stm32cubeide/plugins/com.st.stm32cube.ide.mcu.externaltools.gnu-tools-for-stm32.13.3.rel1.linux64_1.0.0.202410170706/tools/bin/../lib/gcc/arm-none-eabi/13.3.1/thumb/v7e-m+fp/hard/libgcc.a(_dvmd_tls.o)
                0x080005a8                __aeabi_ldiv0
                0x080005a8                __aeabi_idiv0
 *(.text*)
 .text.I2CInit  0x080005ac       0xb8 ./Core/Src/i2c.o
                0x080005ac                I2CInit
 .text.I2CStart
                0x08000664       0x30 ./Core/Src/i2c.o
                0x08000664                I2CStart
 .text.I2CStop  0x08000694       0x30 ./Core/Src/i2c.o
                0x08000694                I2CStop
 .text.I2CSendSlaveAddr
                0x080006c4       0x38 ./Core/Src/i2c.o
                0x080006c4                I2CSendSlaveAddr
 .text.I2CSendData
                0x080006fc       0x40 ./Core/Src/i2c.o
                0x080006fc                I2CSendData
 .text.I2CWrite
                0x0800073c       0x30 ./Core/Src/i2c.o
                0x0800073c                I2CWrite
 .text.LcdInit  0x0800076c       0x72 ./Core/Src/lcd.o
                0x0800076c                LcdInit
 .text.LcdWriteNibble
                0x080007de       0x70 ./Core/Src/lcd.o
                0x080007de                LcdWriteNibble
 .text.LcdWriteByte
                0x0800084e       0x44 ./Core/Src/lcd.o
                0x0800084e                LcdWriteByte
 .text.LcdPuts  0x08000892       0x48 ./Core/Src/lcd.o
                0x08000892                LcdPuts
 *fill*         0x080008da        0x2 
 .text.__NVIC_EnableIRQ
                0x080008dc       0x3c ./Core/Src/led.o
 .text.InitLed  0x08000918       0x40 ./Core/Src/led.o
                0x08000918                InitLed
 .text.OnLed    0x08000958       0x2c ./Core/Src/led.o
                0x08000958                OnLed
 .text.OffLed   0x08000984       0x30 ./Core/Src/led.o
                0x08000984                OffLed
 .text.ToggleLed
                0x080009b4       0x2c ./Core/Src/led.o
                0x080009b4                ToggleLed
 .text.extint_init
                0x080009e0       0x74 ./Core/Src/led.o
                0x080009e0                extint_init
 .text.EXTI0_IRQHandler
                0x08000a54       0x28 ./Core/Src/led.o
                0x08000a54                EXTI0_IRQHandler
 .text.main     0x08000a7c      0x1c8 ./Core/Src/main.o
                0x08000a7c                main
 .text.SystemClock_Config
                0x08000c44       0xd4 ./Core/Src/main.o
                0x08000c44                SystemClock_Config
 .text.MX_ADC1_Init
                0x08000d18       0xa4 ./Core/Src/main.o
 .text.MX_USART2_UART_Init
                0x08000dbc       0x54 ./Core/Src/main.o
 .text.MX_GPIO_Init
                0x08000e10       0x34 ./Core/Src/main.o
 .text.Error_Handler
                0x08000e44        0xc ./Core/Src/main.o
                0x08000e44                Error_Handler
 .text.Bin2BCD  0x08000e50       0x48 ./Core/Src/rtc.o
                0x08000e50                Bin2BCD
 .text.BCD2Bin  0x08000e98       0x3a ./Core/Src/rtc.o
                0x08000e98                BCD2Bin
 *fill*         0x08000ed2        0x2 
 .text.RtcInit  0x08000ed4       0xd4 ./Core/Src/rtc.o
                0x08000ed4                RtcInit
 .text.RtcSetDate
                0x08000fa8       0x60 ./Core/Src/rtc.o
                0x08000fa8                RtcSetDate
 .text.RtcSetTime
                0x08001008       0x50 ./Core/Src/rtc.o
                0x08001008                RtcSetTime
 .text.RtcGetTime
                0x08001058       0x60 ./Core/Src/rtc.o
                0x08001058                RtcGetTime
 .text.HAL_MspInit
                0x080010b8       0x50 ./Core/Src/stm32f4xx_hal_msp.o
                0x080010b8                HAL_MspInit
 .text.HAL_ADC_MspInit
                0x08001108       0x88 ./Core/Src/stm32f4xx_hal_msp.o
                0x08001108                HAL_ADC_MspInit
 .text.HAL_UART_MspInit
                0x08001190       0x90 ./Core/Src/stm32f4xx_hal_msp.o
                0x08001190                HAL_UART_MspInit
 .text.NMI_Handler
                0x08001220        0x8 ./Core/Src/stm32f4xx_it.o
                0x08001220                NMI_Handler
 .text.HardFault_Handler
                0x08001228        0x8 ./Core/Src/stm32f4xx_it.o
                0x08001228                HardFault_Handler
 .text.MemManage_Handler
                0x08001230        0x8 ./Core/Src/stm32f4xx_it.o
                0x08001230                MemManage_Handler
 .text.BusFault_Handler
                0x08001238        0x8 ./Core/Src/stm32f4xx_it.o
                0x08001238                BusFault_Handler
 .text.UsageFault_Handler
                0x08001240        0x8 ./Core/Src/stm32f4xx_it.o
                0x08001240                UsageFault_Handler
 .text.SVC_Handler
                0x08001248        0xe ./Core/Src/stm32f4xx_it.o
                0x08001248                SVC_Handler
 .text.DebugMon_Handler
                0x08001256        0xe ./Core/Src/stm32f4xx_it.o
                0x08001256                DebugMon_Handler
 .text.PendSV_Handler
                0x08001264        0xe ./Core/Src/stm32f4xx_it.o
                0x08001264                PendSV_Handler
 .text.SysTick_Handler
                0x08001272        0xc ./Core/Src/stm32f4xx_it.o
                0x08001272                SysTick_Handler
 *fill*         0x0800127e        0x2 
 .text._sbrk    0x08001280       0x6c ./Core/Src/sysmem.o
                0x08001280                _sbrk
 .text.SystemInit
                0x080012ec       0x24 ./Core/Src/system_stm32f4xx.o
                0x080012ec                SystemInit
 .text.TIM8_TRG_COM_TIM14_IRQHandler
                0x08001310       0x90 ./Core/Src/timer.o
                0x08001310                TIM8_TRG_COM_TIM14_IRQHandler
 .text.Reset_Handler
                0x080013a0       0x50 ./Core/Startup/startup_stm32f407vgtx.o
                0x080013a0                Reset_Handler
 .text.Default_Handler
                0x080013f0        0x2 ./Core/Startup/startup_stm32f407vgtx.o
                0x080013f0                RTC_Alarm_IRQHandler
                0x080013f0                HASH_RNG_IRQHandler
                0x080013f0                EXTI2_IRQHandler
                0x080013f0                TIM8_CC_IRQHandler
                0x080013f0                TIM1_CC_IRQHandler
                0x080013f0                DMA2_Stream5_IRQHandler
                0x080013f0                DMA1_Stream5_IRQHandler
                0x080013f0                PVD_IRQHandler
                0x080013f0                SDIO_IRQHandler
                0x080013f0                TAMP_STAMP_IRQHandler
                0x080013f0                CAN2_RX1_IRQHandler
                0x080013f0                EXTI3_IRQHandler
                0x080013f0                TIM1_UP_TIM10_IRQHandler
                0x080013f0                TIM8_UP_TIM13_IRQHandler
                0x080013f0                I2C3_ER_IRQHandler
                0x080013f0                I2C2_EV_IRQHandler
                0x080013f0                DMA1_Stream2_IRQHandler
                0x080013f0                CAN1_RX0_IRQHandler
                0x080013f0                FPU_IRQHandler
                0x080013f0                OTG_HS_WKUP_IRQHandler
                0x080013f0                CAN2_SCE_IRQHandler
                0x080013f0                DMA2_Stream2_IRQHandler
                0x080013f0                SPI1_IRQHandler
                0x080013f0                TIM6_DAC_IRQHandler
                0x080013f0                TIM1_BRK_TIM9_IRQHandler
                0x080013f0                DCMI_IRQHandler
                0x080013f0                CAN2_RX0_IRQHandler
                0x080013f0                DMA2_Stream3_IRQHandler
                0x080013f0                USART6_IRQHandler
                0x080013f0                USART3_IRQHandler
                0x080013f0                CAN1_RX1_IRQHandler
                0x080013f0                UART5_IRQHandler
                0x080013f0                DMA2_Stream0_IRQHandler
                0x080013f0                TIM4_IRQHandler
                0x080013f0                I2C1_EV_IRQHandler
                0x080013f0                DMA1_Stream6_IRQHandler
                0x080013f0                DMA1_Stream1_IRQHandler
                0x080013f0                UART4_IRQHandler
                0x080013f0                TIM3_IRQHandler
                0x080013f0                RCC_IRQHandler
                0x080013f0                TIM8_BRK_TIM12_IRQHandler
                0x080013f0                Default_Handler
                0x080013f0                EXTI15_10_IRQHandler
                0x080013f0                ADC_IRQHandler
                0x080013f0                DMA1_Stream7_IRQHandler
                0x080013f0                TIM7_IRQHandler
                0x080013f0                CAN2_TX_IRQHandler
                0x080013f0                TIM5_IRQHandler
                0x080013f0                DMA2_Stream7_IRQHandler
                0x080013f0                I2C3_EV_IRQHandler
                0x080013f0                EXTI9_5_IRQHandler
                0x080013f0                RTC_WKUP_IRQHandler
                0x080013f0                ETH_WKUP_IRQHandler
                0x080013f0                SPI2_IRQHandler
                0x080013f0                OTG_HS_EP1_IN_IRQHandler
                0x080013f0                DMA1_Stream0_IRQHandler
                0x080013f0                CAN1_TX_IRQHandler
                0x080013f0                EXTI4_IRQHandler
                0x080013f0                FSMC_IRQHandler
                0x080013f0                ETH_IRQHandler
                0x080013f0                OTG_HS_EP1_OUT_IRQHandler
                0x080013f0                WWDG_IRQHandler
                0x080013f0                TIM2_IRQHandler
                0x080013f0                OTG_FS_WKUP_IRQHandler
                0x080013f0                TIM1_TRG_COM_TIM11_IRQHandler
                0x080013f0                OTG_HS_IRQHandler
                0x080013f0                EXTI1_IRQHandler
                0x080013f0                USART2_IRQHandler
                0x080013f0                I2C2_ER_IRQHandler
                0x080013f0                DMA2_Stream1_IRQHandler
                0x080013f0                CAN1_SCE_IRQHandler
                0x080013f0                FLASH_IRQHandler
                0x080013f0                DMA2_Stream4_IRQHandler
                0x080013f0                USART1_IRQHandler
                0x080013f0                OTG_FS_IRQHandler
                0x080013f0                SPI3_IRQHandler
                0x080013f0                DMA1_Stream4_IRQHandler
                0x080013f0                I2C1_ER_IRQHandler
                0x080013f0                DMA2_Stream6_IRQHandler
                0x080013f0                DMA1_Stream3_IRQHandler
 *fill*         0x080013f2        0x2 
 .text.HAL_Init
                0x080013f4       0x44 ./Drivers/STM32F4xx_HAL_Driver/Src/stm32f4xx_hal.o
                0x080013f4                HAL_Init
 .text.HAL_InitTick
                0x08001438       0x60 ./Drivers/STM32F4xx_HAL_Driver/Src/stm32f4xx_hal.o
                0x08001438                HAL_InitTick
 .text.HAL_IncTick
                0x08001498       0x28 ./Drivers/STM32F4xx_HAL_Driver/Src/stm32f4xx_hal.o
                0x08001498                HAL_IncTick
 .text.HAL_GetTick
                0x080014c0       0x18 ./Drivers/STM32F4xx_HAL_Driver/Src/stm32f4xx_hal.o
                0x080014c0                HAL_GetTick
 .text.HAL_Delay
                0x080014d8       0x48 ./Drivers/STM32F4xx_HAL_Driver/Src/stm32f4xx_hal.o
                0x080014d8                HAL_Delay
 .text.HAL_ADC_Init
                0x08001520       0x86 ./Drivers/STM32F4xx_HAL_Driver/Src/stm32f4xx_hal_adc.o
                0x08001520                HAL_ADC_Init
 *fill*         0x080015a6        0x2 
 .text.HAL_ADC_Start
                0x080015a8      0x1a4 ./Drivers/STM32F4xx_HAL_Driver/Src/stm32f4xx_hal_adc.o
                0x080015a8                HAL_ADC_Start
 .text.HAL_ADC_Stop
                0x0800174c       0x66 ./Drivers/STM32F4xx_HAL_Driver/Src/stm32f4xx_hal_adc.o
                0x0800174c                HAL_ADC_Stop
 .text.HAL_ADC_PollForConversion
                0x080017b2      0x116 ./Drivers/STM32F4xx_HAL_Driver/Src/stm32f4xx_hal_adc.o
                0x080017b2                HAL_ADC_PollForConversion
 .text.HAL_ADC_GetValue
                0x080018c8       0x1a ./Drivers/STM32F4xx_HAL_Driver/Src/stm32f4xx_hal_adc.o
                0x080018c8                HAL_ADC_GetValue
 *fill*         0x080018e2        0x2 
 .text.HAL_ADC_ConfigChannel
                0x080018e4      0x244 ./Drivers/STM32F4xx_HAL_Driver/Src/stm32f4xx_hal_adc.o
                0x080018e4                HAL_ADC_ConfigChannel
 .text.ADC_Init
                0x08001b28      0x1f8 ./Drivers/STM32F4xx_HAL_Driver/Src/stm32f4xx_hal_adc.o
 .text.__NVIC_SetPriorityGrouping
                0x08001d20       0x48 ./Drivers/STM32F4xx_HAL_Driver/Src/stm32f4xx_hal_cortex.o
 .text.__NVIC_GetPriorityGrouping
                0x08001d68       0x1c ./Drivers/STM32F4xx_HAL_Driver/Src/stm32f4xx_hal_cortex.o
 .text.__NVIC_SetPriority
                0x08001d84       0x54 ./Drivers/STM32F4xx_HAL_Driver/Src/stm32f4xx_hal_cortex.o
 .text.NVIC_EncodePriority
                0x08001dd8       0x66 ./Drivers/STM32F4xx_HAL_Driver/Src/stm32f4xx_hal_cortex.o
 *fill*         0x08001e3e        0x2 
 .text.SysTick_Config
                0x08001e40       0x44 ./Drivers/STM32F4xx_HAL_Driver/Src/stm32f4xx_hal_cortex.o
 .text.HAL_NVIC_SetPriorityGrouping
                0x08001e84       0x16 ./Drivers/STM32F4xx_HAL_Driver/Src/stm32f4xx_hal_cortex.o
                0x08001e84                HAL_NVIC_SetPriorityGrouping
 .text.HAL_NVIC_SetPriority
                0x08001e9a       0x38 ./Drivers/STM32F4xx_HAL_Driver/Src/stm32f4xx_hal_cortex.o
                0x08001e9a                HAL_NVIC_SetPriority
 .text.HAL_SYSTICK_Config
                0x08001ed2       0x18 ./Drivers/STM32F4xx_HAL_Driver/Src/stm32f4xx_hal_cortex.o
                0x08001ed2                HAL_SYSTICK_Config
 *fill*         0x08001eea        0x2 
 .text.HAL_GPIO_Init
                0x08001eec      0x338 ./Drivers/STM32F4xx_HAL_Driver/Src/stm32f4xx_hal_gpio.o
                0x08001eec                HAL_GPIO_Init
 .text.HAL_RCC_OscConfig
                0x08002224      0x4f0 ./Drivers/STM32F4xx_HAL_Driver/Src/stm32f4xx_hal_rcc.o
                0x08002224                HAL_RCC_OscConfig
 .text.HAL_RCC_ClockConfig
                0x08002714      0x1cc ./Drivers/STM32F4xx_HAL_Driver/Src/stm32f4xx_hal_rcc.o
                0x08002714                HAL_RCC_ClockConfig
 .text.HAL_RCC_GetSysClockFreq
                0x080028e0      0x20c ./Drivers/STM32F4xx_HAL_Driver/Src/stm32f4xx_hal_rcc.o
                0x080028e0                HAL_RCC_GetSysClockFreq
 .text.HAL_RCC_GetHCLKFreq
                0x08002aec       0x18 ./Drivers/STM32F4xx_HAL_Driver/Src/stm32f4xx_hal_rcc.o
                0x08002aec                HAL_RCC_GetHCLKFreq
 .text.HAL_RCC_GetPCLK1Freq
                0x08002b04       0x28 ./Drivers/STM32F4xx_HAL_Driver/Src/stm32f4xx_hal_rcc.o
                0x08002b04                HAL_RCC_GetPCLK1Freq
 .text.HAL_RCC_GetPCLK2Freq
                0x08002b2c       0x28 ./Drivers/STM32F4xx_HAL_Driver/Src/stm32f4xx_hal_rcc.o
                0x08002b2c                HAL_RCC_GetPCLK2Freq
 .text.HAL_UART_Init
                0x08002b54       0xa0 ./Drivers/STM32F4xx_HAL_Driver/Src/stm32f4xx_hal_uart.o
                0x08002b54                HAL_UART_Init
 .text.HAL_UART_Transmit
                0x08002bf4      0x116 ./Drivers/STM32F4xx_HAL_Driver/Src/stm32f4xx_hal_uart.o
                0x08002bf4                HAL_UART_Transmit
 .text.UART_WaitOnFlagUntilTimeout
                0x08002d0a       0xb2 ./Drivers/STM32F4xx_HAL_Driver/Src/stm32f4xx_hal_uart.o
 .text.UART_EndRxTransfer
                0x08002dbc       0xc6 ./Drivers/STM32F4xx_HAL_Driver/Src/stm32f4xx_hal_uart.o
 *fill*         0x08002e82        0x2 
 .text.UART_SetConfig
                0x08002e84      0x4e8 ./Drivers/STM32F4xx_HAL_Driver/Src/stm32f4xx_hal_uart.o
 .text.sprintf  0x0800336c       0x44 /opt/stm32cubeide/plugins/com.st.stm32cube.ide.mcu.externaltools.gnu-tools-for-stm32.13.3.rel1.linux64_1.0.0.202410170706/tools/bin/../lib/gcc/arm-none-eabi/13.3.1/../../../../arm-none-eabi/lib/thumb/v7e-m+fp/hard/libc_nano.a(libc_a-sprintf.o)
                0x0800336c                sprintf
                0x0800336c                siprintf
 .text.memset   0x080033b0       0x10 /opt/stm32cubeide/plugins/com.st.stm32cube.ide.mcu.externaltools.gnu-tools-for-stm32.13.3.rel1.linux64_1.0.0.202410170706/tools/bin/../lib/gcc/arm-none-eabi/13.3.1/../../../../arm-none-eabi/lib/thumb/v7e-m+fp/hard/libc_nano.a(libc_a-memset.o)
                0x080033b0                memset
 .text.__errno  0x080033c0        0xc /opt/stm32cubeide/plugins/com.st.stm32cube.ide.mcu.externaltools.gnu-tools-for-stm32.13.3.rel1.linux64_1.0.0.202410170706/tools/bin/../lib/gcc/arm-none-eabi/13.3.1/../../../../arm-none-eabi/lib/thumb/v7e-m+fp/hard/libc_nano.a(libc_a-errno.o)
                0x080033c0                __errno
 .text.__libc_init_array
                0x080033cc       0x48 /opt/stm32cubeide/plugins/com.st.stm32cube.ide.mcu.externaltools.gnu-tools-for-stm32.13.3.rel1.linux64_1.0.0.202410170706/tools/bin/../lib/gcc/arm-none-eabi/13.3.1/../../../../arm-none-eabi/lib/thumb/v7e-m+fp/hard/libc_nano.a(libc_a-init.o)
                0x080033cc                __libc_init_array
 .text.__retarget_lock_acquire_recursive
                0x08003414        0x2 /opt/stm32cubeide/plugins/com.st.stm32cube.ide.mcu.externaltools.gnu-tools-for-stm32.13.3.rel1.linux64_1.0.0.202410170706/tools/bin/../lib/gcc/arm-none-eabi/13.3.1/../../../../arm-none-eabi/lib/thumb/v7e-m+fp/hard/libc_nano.a(libc_a-lock.o)
                0x08003414                __retarget_lock_acquire_recursive
 .text.__retarget_lock_release_recursive
                0x08003416        0x2 /opt/stm32cubeide/plugins/com.st.stm32cube.ide.mcu.externaltools.gnu-tools-for-stm32.13.3.rel1.linux64_1.0.0.202410170706/tools/bin/../lib/gcc/arm-none-eabi/13.3.1/../../../../arm-none-eabi/lib/thumb/v7e-m+fp/hard/libc_nano.a(libc_a-lock.o)
                0x08003416                __retarget_lock_release_recursive
 .text._free_r  0x08003418       0x94 /opt/stm32cubeide/plugins/com.st.stm32cube.ide.mcu.externaltools.gnu-tools-for-stm32.13.3.rel1.linux64_1.0.0.202410170706/tools/bin/../lib/gcc/arm-none-eabi/13.3.1/../../../../arm-none-eabi/lib/thumb/v7e-m+fp/hard/libc_nano.a(libc_a-freer.o)
                0x08003418                _free_r
 .text.sbrk_aligned
                0x080034ac       0x44 /opt/stm32cubeide/plugins/com.st.stm32cube.ide.mcu.externaltools.gnu-tools-for-stm32.13.3.rel1.linux64_1.0.0.202410170706/tools/bin/../lib/gcc/arm-none-eabi/13.3.1/../../../../arm-none-eabi/lib/thumb/v7e-m+fp/hard/libc_nano.a(libc_a-mallocr.o)
 .text._malloc_r
                0x080034f0      0x100 /opt/stm32cubeide/plugins/com.st.stm32cube.ide.mcu.externaltools.gnu-tools-for-stm32.13.3.rel1.linux64_1.0.0.202410170706/tools/bin/../lib/gcc/arm-none-eabi/13.3.1/../../../../arm-none-eabi/lib/thumb/v7e-m+fp/hard/libc_nano.a(libc_a-mallocr.o)
                0x080034f0                _malloc_r
 .text.__malloc_lock
                0x080035f0        0xc /opt/stm32cubeide/plugins/com.st.stm32cube.ide.mcu.externaltools.gnu-tools-for-stm32.13.3.rel1.linux64_1.0.0.202410170706/tools/bin/../lib/gcc/arm-none-eabi/13.3.1/../../../../arm-none-eabi/lib/thumb/v7e-m+fp/hard/libc_nano.a(libc_a-mlock.o)
                0x080035f0                __malloc_lock
 .text.__malloc_unlock
                0x080035fc        0xc /opt/stm32cubeide/plugins/com.st.stm32cube.ide.mcu.externaltools.gnu-tools-for-stm32.13.3.rel1.linux64_1.0.0.202410170706/tools/bin/../lib/gcc/arm-none-eabi/13.3.1/../../../../arm-none-eabi/lib/thumb/v7e-m+fp/hard/libc_nano.a(libc_a-mlock.o)
                0x080035fc                __malloc_unlock
 .text.__ssputs_r
                0x08003608       0xb6 /opt/stm32cubeide/plugins/com.st.stm32cube.ide.mcu.externaltools.gnu-tools-for-stm32.13.3.rel1.linux64_1.0.0.202410170706/tools/bin/../lib/gcc/arm-none-eabi/13.3.1/../../../../arm-none-eabi/lib/thumb/v7e-m+fp/hard/libc_nano.a(libc_a-nano-svfprintf.o)
                0x08003608                __ssputs_r
 *fill*         0x080036be        0x2 
 .text._svfprintf_r
                0x080036c0      0x1f8 /opt/stm32cubeide/plugins/com.st.stm32cube.ide.mcu.externaltools.gnu-tools-for-stm32.13.3.rel1.linux64_1.0.0.202410170706/tools/bin/../lib/gcc/arm-none-eabi/13.3.1/../../../../arm-none-eabi/lib/thumb/v7e-m+fp/hard/libc_nano.a(libc_a-nano-svfprintf.o)
                0x080036c0                _svfprintf_r
                0x080036c0                _svfiprintf_r
 .text._printf_common
                0x080038b8       0xda /opt/stm32cubeide/plugins/com.st.stm32cube.ide.mcu.externaltools.gnu-tools-for-stm32.13.3.rel1.linux64_1.0.0.202410170706/tools/bin/../lib/gcc/arm-none-eabi/13.3.1/../../../../arm-none-eabi/lib/thumb/v7e-m+fp/hard/libc_nano.a(libc_a-nano-vfprintf_i.o)
                0x080038b8                _printf_common
 *fill*         0x08003992        0x2 
 .text._printf_i
                0x08003994      0x23c /opt/stm32cubeide/plugins/com.st.stm32cube.ide.mcu.externaltools.gnu-tools-for-stm32.13.3.rel1.linux64_1.0.0.202410170706/tools/bin/../lib/gcc/arm-none-eabi/13.3.1/../../../../arm-none-eabi/lib/thumb/v7e-m+fp/hard/libc_nano.a(libc_a-nano-vfprintf_i.o)
                0x08003994                _printf_i
 .text.memmove  0x08003bd0       0x34 /opt/stm32cubeide/plugins/com.st.stm32cube.ide.mcu.externaltools.gnu-tools-for-stm32.13.3.rel1.linux64_1.0.0.202410170706/tools/bin/../lib/gcc/arm-none-eabi/13.3.1/../../../../arm-none-eabi/lib/thumb/v7e-m+fp/hard/libc_nano.a(libc_a-memmove.o)
                0x08003bd0                memmove
 .text._sbrk_r  0x08003c04       0x20 /opt/stm32cubeide/plugins/com.st.stm32cube.ide.mcu.externaltools.gnu-tools-for-stm32.13.3.rel1.linux64_1.0.0.202410170706/tools/bin/../lib/gcc/arm-none-eabi/13.3.1/../../../../arm-none-eabi/lib/thumb/v7e-m+fp/hard/libc_nano.a(libc_a-sbrkr.o)
                0x08003c04                _sbrk_r
 .text.memcpy   0x08003c24       0x1c /opt/stm32cubeide/plugins/com.st.stm32cube.ide.mcu.externaltools.gnu-tools-for-stm32.13.3.rel1.linux64_1.0.0.202410170706/tools/bin/../lib/gcc/arm-none-eabi/13.3.1/../../../../arm-none-eabi/lib/thumb/v7e-m+fp/hard/libc_nano.a(libc_a-memcpy-stub.o)
                0x08003c24                memcpy
 .text._realloc_r
                0x08003c40       0x5c /opt/stm32cubeide/plugins/com.st.stm32cube.ide.mcu.externaltools.gnu-tools-for-stm32.13.3.rel1.linux64_1.0.0.202410170706/tools/bin/../lib/gcc/arm-none-eabi/13.3.1/../../../../arm-none-eabi/lib/thumb/v7e-m+fp/hard/libc_nano.a(libc_a-reallocr.o)
                0x08003c40                _realloc_r
 .text._malloc_usable_size_r
                0x08003c9c       0x10 /opt/stm32cubeide/plugins/com.st.stm32cube.ide.mcu.externaltools.gnu-tools-for-stm32.13.3.rel1.linux64_1.0.0.202410170706/tools/bin/../lib/gcc/arm-none-eabi/13.3.1/../../../../arm-none-eabi/lib/thumb/v7e-m+fp/hard/libc_nano.a(libc_a-msizer.o)
                0x08003c9c                _malloc_usable_size_r
 *(.glue_7)
 .glue_7        0x08003cac        0x0 linker stubs
 *(.glue_7t)
 .glue_7t       0x08003cac        0x0 linker stubs
 *(.eh_frame)
 .eh_frame      0x08003cac        0x0 /opt/stm32cubeide/plugins/com.st.stm32cube.ide.mcu.externaltools.gnu-tools-for-stm32.13.3.rel1.linux64_1.0.0.202410170706/tools/bin/../lib/gcc/arm-none-eabi/13.3.1/thumb/v7e-m+fp/hard/crtbegin.o
 *(.init)
 .init          0x08003cac        0x4 /opt/stm32cubeide/plugins/com.st.stm32cube.ide.mcu.externaltools.gnu-tools-for-stm32.13.3.rel1.linux64_1.0.0.202410170706/tools/bin/../lib/gcc/arm-none-eabi/13.3.1/thumb/v7e-m+fp/hard/crti.o
                0x08003cac                _init
 .init          0x08003cb0        0x8 /opt/stm32cubeide/plugins/com.st.stm32cube.ide.mcu.externaltools.gnu-tools-for-stm32.13.3.rel1.linux64_1.0.0.202410170706/tools/bin/../lib/gcc/arm-none-eabi/13.3.1/thumb/v7e-m+fp/hard/crtn.o
 *(.fini)
 .fini          0x08003cb8        0x4 /opt/stm32cubeide/plugins/com.st.stm32cube.ide.mcu.externaltools.gnu-tools-for-stm32.13.3.rel1.linux64_1.0.0.202410170706/tools/bin/../lib/gcc/arm-none-eabi/13.3.1/thumb/v7e-m+fp/hard/crti.o
                0x08003cb8                _fini
 .fini          0x08003cbc        0x8 /opt/stm32cubeide/plugins/com.st.stm32cube.ide.mcu.externaltools.gnu-tools-for-stm32.13.3.rel1.linux64_1.0.0.202410170706/tools/bin/../lib/gcc/arm-none-eabi/13.3.1/thumb/v7e-m+fp/hard/crtn.o
                0x08003cc4                        . = ALIGN (0x4)
                0x08003cc4                        _etext = .

.vfp11_veneer   0x08003cc4        0x0
 .vfp11_veneer  0x08003cc4        0x0 linker stubs

.v4_bx          0x08003cc4        0x0
 .v4_bx         0x08003cc4        0x0 linker stubs

.iplt           0x08003cc4        0x0
 .iplt          0x08003cc4        0x0 /opt/stm32cubeide/plugins/com.st.stm32cube.ide.mcu.externaltools.gnu-tools-for-stm32.13.3.rel1.linux64_1.0.0.202410170706/tools/bin/../lib/gcc/arm-none-eabi/13.3.1/thumb/v7e-m+fp/hard/crtbegin.o

.rodata         0x08003cc4       0xe0
                0x08003cc4                        . = ALIGN (0x4)
 *(.rodata)
 .rodata        0x08003cc4       0x92 ./Core/Src/main.o
 *(.rodata*)
 *fill*         0x08003d56        0x2 
 .rodata.AHBPrescTable
                0x08003d58       0x10 ./Core/Src/system_stm32f4xx.o
                0x08003d58                AHBPrescTable
 .rodata.APBPrescTable
                0x08003d68        0x8 ./Core/Src/system_stm32f4xx.o
                0x08003d68                APBPrescTable
 .rodata._svfprintf_r.str1.1
                0x08003d70       0x33 /opt/stm32cubeide/plugins/com.st.stm32cube.ide.mcu.externaltools.gnu-tools-for-stm32.13.3.rel1.linux64_1.0.0.202410170706/tools/bin/../lib/gcc/arm-none-eabi/13.3.1/../../../../arm-none-eabi/lib/thumb/v7e-m+fp/hard/libc_nano.a(libc_a-nano-svfprintf.o)
                                 0x11 (size before relaxing)
 .rodata._printf_i.str1.1
                0x08003da3       0x22 /opt/stm32cubeide/plugins/com.st.stm32cube.ide.mcu.externaltools.gnu-tools-for-stm32.13.3.rel1.linux64_1.0.0.202410170706/tools/bin/../lib/gcc/arm-none-eabi/13.3.1/../../../../arm-none-eabi/lib/thumb/v7e-m+fp/hard/libc_nano.a(libc_a-nano-vfprintf_i.o)
                0x08003dc8                        . = ALIGN (0x4)
 *fill*         0x08003da3        0x1 

.ARM.extab      0x08003da4        0x0
                0x08003da4                        . = ALIGN (0x4)
 *(.ARM.extab* .gnu.linkonce.armextab.*)
                0x08003da4                        . = ALIGN (0x4)

.ARM            0x08003da4        0x8
                0x08003da4                        . = ALIGN (0x4)
                0x08003da4                        __exidx_start = .
 *(.ARM.exidx*)
 .ARM.exidx     0x08003da4        0x8 /opt/stm32cubeide/plugins/com.st.stm32cube.ide.mcu.externaltools.gnu-tools-for-stm32.13.3.rel1.linux64_1.0.0.202410170706/tools/bin/../lib/gcc/arm-none-eabi/13.3.1/../../../../arm-none-eabi/lib/thumb/v7e-m+fp/hard/libc_nano.a(libc_a-strlen.o)
 .ARM.exidx     0x08003dac        0x0 /opt/stm32cubeide/plugins/com.st.stm32cube.ide.mcu.externaltools.gnu-tools-for-stm32.13.3.rel1.linux64_1.0.0.202410170706/tools/bin/../lib/gcc/arm-none-eabi/13.3.1/../../../../arm-none-eabi/lib/thumb/v7e-m+fp/hard/libc_nano.a(libc_a-memchr.o)
                                  0x8 (size before relaxing)
 .ARM.exidx     0x08003dac        0x0 /opt/stm32cubeide/plugins/com.st.stm32cube.ide.mcu.externaltools.gnu-tools-for-stm32.13.3.rel1.linux64_1.0.0.202410170706/tools/bin/../lib/gcc/arm-none-eabi/13.3.1/thumb/v7e-m+fp/hard/libgcc.a(_udivmoddi4.o)
                                  0x8 (size before relaxing)
                0x08003dac                        __exidx_end = .
                0x08003dac                        . = ALIGN (0x4)

.preinit_array  0x08003dac        0x0
                0x08003dac                        . = ALIGN (0x4)
                0x08003dac                        PROVIDE (__preinit_array_start = .)
 *(.preinit_array*)
                0x08003dac                        PROVIDE (__preinit_array_end = .)
                0x08003dac                        . = ALIGN (0x4)

.init_array     0x08003dac        0x4
                0x08003dac                        . = ALIGN (0x4)
                0x08003dac                        PROVIDE (__init_array_start = .)
 *(SORT_BY_NAME(.init_array.*))
 *(.init_array*)
 .init_array    0x08003dac        0x4 /opt/stm32cubeide/plugins/com.st.stm32cube.ide.mcu.externaltools.gnu-tools-for-stm32.13.3.rel1.linux64_1.0.0.202410170706/tools/bin/../lib/gcc/arm-none-eabi/13.3.1/thumb/v7e-m+fp/hard/crtbegin.o
                0x08003db0                        PROVIDE (__init_array_end = .)
                0x08003db0                        . = ALIGN (0x4)

.fini_array     0x08003db0        0x4
                0x08003db0                        . = ALIGN (0x4)
                [!provide]                        PROVIDE (__fini_array_start = .)
 *(SORT_BY_NAME(.fini_array.*))
 *(.fini_array*)
 .fini_array    0x08003db0        0x4 /opt/stm32cubeide/plugins/com.st.stm32cube.ide.mcu.externaltools.gnu-tools-for-stm32.13.3.rel1.linux64_1.0.0.202410170706/tools/bin/../lib/gcc/arm-none-eabi/13.3.1/thumb/v7e-m+fp/hard/crtbegin.o
                [!provide]                        PROVIDE (__fini_array_end = .)
                0x08003db4                        . = ALIGN (0x4)
                0x08003db4                        _sidata = LOADADDR (.data)

.rel.dyn        0x08003db4        0x0
 .rel.iplt      0x08003db4        0x0 /opt/stm32cubeide/plugins/com.st.stm32cube.ide.mcu.externaltools.gnu-tools-for-stm32.13.3.rel1.linux64_1.0.0.202410170706/tools/bin/../lib/gcc/arm-none-eabi/13.3.1/thumb/v7e-m+fp/hard/crtbegin.o

.data           0x20000000       0x5c load address 0x08003db4
                0x20000000                        . = ALIGN (0x4)
                0x20000000                        _sdata = .
 *(.data)
 *(.data*)
 .data.SystemCoreClock
                0x20000000        0x4 ./Core/Src/system_stm32f4xx.o
                0x20000000                SystemCoreClock
 .data.uwTickPrio
                0x20000004        0x4 ./Drivers/STM32F4xx_HAL_Driver/Src/stm32f4xx_hal.o
                0x20000004                uwTickPrio
 .data.uwTickFreq
                0x20000008        0x1 ./Drivers/STM32F4xx_HAL_Driver/Src/stm32f4xx_hal.o
                0x20000008                uwTickFreq
 *fill*         0x20000009        0x3 
 .data._impure_ptr
                0x2000000c        0x4 /opt/stm32cubeide/plugins/com.st.stm32cube.ide.mcu.externaltools.gnu-tools-for-stm32.13.3.rel1.linux64_1.0.0.202410170706/tools/bin/../lib/gcc/arm-none-eabi/13.3.1/../../../../arm-none-eabi/lib/thumb/v7e-m+fp/hard/libc_nano.a(libc_a-impure.o)
                0x2000000c                _impure_ptr
 .data._impure_data
                0x20000010       0x4c /opt/stm32cubeide/plugins/com.st.stm32cube.ide.mcu.externaltools.gnu-tools-for-stm32.13.3.rel1.linux64_1.0.0.202410170706/tools/bin/../lib/gcc/arm-none-eabi/13.3.1/../../../../arm-none-eabi/lib/thumb/v7e-m+fp/hard/libc_nano.a(libc_a-impure.o)
                0x20000010                _impure_data
 *(.RamFunc)
 *(.RamFunc*)
                0x2000005c                        . = ALIGN (0x4)
                0x2000005c                        _edata = .
                0x08003e10                        _siccmram = LOADADDR (.ccmram)

.igot.plt       0x2000005c        0x0 load address 0x08003e10
 .igot.plt      0x2000005c        0x0 /opt/stm32cubeide/plugins/com.st.stm32cube.ide.mcu.externaltools.gnu-tools-for-stm32.13.3.rel1.linux64_1.0.0.202410170706/tools/bin/../lib/gcc/arm-none-eabi/13.3.1/thumb/v7e-m+fp/hard/crtbegin.o

.ccmram         0x10000000        0x0 load address 0x08003e10
                0x10000000                        . = ALIGN (0x4)
                0x10000000                        _sccmram = .
 *(.ccmram)
 *(.ccmram*)
                0x10000000                        . = ALIGN (0x4)
                0x10000000                        _eccmram = .
                0x10000000                        . = ALIGN (0x4)

.bss            0x2000005c      0x208
                0x2000005c                        _sbss = .
                0x2000005c                        __bss_start__ = _sbss
 *(.bss)
 .bss           0x2000005c       0x1c /opt/stm32cubeide/plugins/com.st.stm32cube.ide.mcu.externaltools.gnu-tools-for-stm32.13.3.rel1.linux64_1.0.0.202410170706/tools/bin/../lib/gcc/arm-none-eabi/13.3.1/thumb/v7e-m+fp/hard/crtbegin.o
 *(.bss*)
 .bss.flag      0x20000078        0x4 ./Core/Src/led.o
                0x20000078                flag
 .bss.hadc1     0x2000007c       0x48 ./Core/Src/main.o
                0x2000007c                hadc1
 .bss.huart2    0x200000c4       0x48 ./Core/Src/main.o
                0x200000c4                huart2
 .bss.val       0x2000010c        0x2 ./Core/Src/main.o
                0x2000010c                val
 *fill*         0x2000010e        0x2 
 .bss.__sbrk_heap_end
                0x20000110        0x4 ./Core/Src/sysmem.o
 .bss.duty      0x20000114        0x4 ./Core/Src/timer.o
                0x20000114                duty
 .bss.uwTick    0x20000118        0x4 ./Drivers/STM32F4xx_HAL_Driver/Src/stm32f4xx_hal.o
                0x20000118                uwTick
 .bss.__sf      0x2000011c      0x138 /opt/stm32cubeide/plugins/com.st.stm32cube.ide.mcu.externaltools.gnu-tools-for-stm32.13.3.rel1.linux64_1.0.0.202410170706/tools/bin/../lib/gcc/arm-none-eabi/13.3.1/../../../../arm-none-eabi/lib/thumb/v7e-m+fp/hard/libc_nano.a(libc_a-findfp.o)
                0x2000011c                __sf
 .bss.errno     0x20000254        0x4 /opt/stm32cubeide/plugins/com.st.stm32cube.ide.mcu.externaltools.gnu-tools-for-stm32.13.3.rel1.linux64_1.0.0.202410170706/tools/bin/../lib/gcc/arm-none-eabi/13.3.1/../../../../arm-none-eabi/lib/thumb/v7e-m+fp/hard/libc_nano.a(libc_a-reent.o)
                0x20000254                errno
 .bss.__lock___malloc_recursive_mutex
                0x20000258        0x1 /opt/stm32cubeide/plugins/com.st.stm32cube.ide.mcu.externaltools.gnu-tools-for-stm32.13.3.rel1.linux64_1.0.0.202410170706/tools/bin/../lib/gcc/arm-none-eabi/13.3.1/../../../../arm-none-eabi/lib/thumb/v7e-m+fp/hard/libc_nano.a(libc_a-lock.o)
                0x20000258                __lock___malloc_recursive_mutex
 *fill*         0x20000259        0x3 
 .bss.__malloc_sbrk_start
                0x2000025c        0x4 /opt/stm32cubeide/plugins/com.st.stm32cube.ide.mcu.externaltools.gnu-tools-for-stm32.13.3.rel1.linux64_1.0.0.202410170706/tools/bin/../lib/gcc/arm-none-eabi/13.3.1/../../../../arm-none-eabi/lib/thumb/v7e-m+fp/hard/libc_nano.a(libc_a-mallocr.o)
                0x2000025c                __malloc_sbrk_start
 .bss.__malloc_free_list
                0x20000260        0x4 /opt/stm32cubeide/plugins/com.st.stm32cube.ide.mcu.externaltools.gnu-tools-for-stm32.13.3.rel1.linux64_1.0.0.202410170706/tools/bin/../lib/gcc/arm-none-eabi/13.3.1/../../../../arm-none-eabi/lib/thumb/v7e-m+fp/hard/libc_nano.a(libc_a-mallocr.o)
                0x20000260                __malloc_free_list
 *(COMMON)
                0x20000264                        . = ALIGN (0x4)
                0x20000264                        _ebss = .
                0x20000264                        __bss_end__ = _ebss

._user_heap_stack
                0x20000264      0x604
                0x20000268                        . = ALIGN (0x8)
 *fill*         0x20000264        0x4 
                [!provide]                        PROVIDE (end = .)
                0x20000268                        PROVIDE (_end = .)
                0x20000468                        . = (. + _Min_Heap_Size)
 *fill*         0x20000268      0x200 
                0x20000868                        . = (. + _Min_Stack_Size)
 *fill*         0x20000468      0x400 
                0x20000868                        . = ALIGN (0x8)

/DISCARD/
 libc.a(*)
 libm.a(*)
 libgcc.a(*)

.ARM.attributes
                0x00000000       0x30
 *(.ARM.attributes)
 .ARM.attributes
                0x00000000       0x22 /opt/stm32cubeide/plugins/com.st.stm32cube.ide.mcu.externaltools.gnu-tools-for-stm32.13.3.rel1.linux64_1.0.0.202410170706/tools/bin/../lib/gcc/arm-none-eabi/13.3.1/thumb/v7e-m+fp/hard/crti.o
 .ARM.attributes
                0x00000022       0x34 /opt/stm32cubeide/plugins/com.st.stm32cube.ide.mcu.externaltools.gnu-tools-for-stm32.13.3.rel1.linux64_1.0.0.202410170706/tools/bin/../lib/gcc/arm-none-eabi/13.3.1/thumb/v7e-m+fp/hard/crtbegin.o
 .ARM.attributes
                0x00000056       0x34 ./Core/Src/i2c.o
 .ARM.attributes
                0x0000008a       0x34 ./Core/Src/lcd.o
 .ARM.attributes
                0x000000be       0x34 ./Core/Src/led.o
 .ARM.attributes
                0x000000f2       0x34 ./Core/Src/main.o
 .ARM.attributes
                0x00000126       0x34 ./Core/Src/rtc.o
 .ARM.attributes
                0x0000015a       0x34 ./Core/Src/stm32f4xx_hal_msp.o
 .ARM.attributes
                0x0000018e       0x34 ./Core/Src/stm32f4xx_it.o
 .ARM.attributes
                0x000001c2       0x34 ./Core/Src/sysmem.o
 .ARM.attributes
                0x000001f6       0x34 ./Core/Src/system_stm32f4xx.o
 .ARM.attributes
                0x0000022a       0x34 ./Core/Src/timer.o
 .ARM.attributes
                0x0000025e       0x21 ./Core/Startup/startup_stm32f407vgtx.o
 .ARM.attributes
                0x0000027f       0x34 ./Drivers/STM32F4xx_HAL_Driver/Src/stm32f4xx_hal.o
 .ARM.attributes
                0x000002b3       0x34 ./Drivers/STM32F4xx_HAL_Driver/Src/stm32f4xx_hal_adc.o
 .ARM.attributes
                0x000002e7       0x34 ./Drivers/STM32F4xx_HAL_Driver/Src/stm32f4xx_hal_cortex.o
 .ARM.attributes
                0x0000031b       0x34 ./Drivers/STM32F4xx_HAL_Driver/Src/stm32f4xx_hal_gpio.o
 .ARM.attributes
                0x0000034f       0x34 ./Drivers/STM32F4xx_HAL_Driver/Src/stm32f4xx_hal_rcc.o
 .ARM.attributes
                0x00000383       0x34 ./Drivers/STM32F4xx_HAL_Driver/Src/stm32f4xx_hal_uart.o
 .ARM.attributes
                0x000003b7       0x34 /opt/stm32cubeide/plugins/com.st.stm32cube.ide.mcu.externaltools.gnu-tools-for-stm32.13.3.rel1.linux64_1.0.0.202410170706/tools/bin/../lib/gcc/arm-none-eabi/13.3.1/../../../../arm-none-eabi/lib/thumb/v7e-m+fp/hard/libc_nano.a(libc_a-findfp.o)
 .ARM.attributes
                0x000003eb       0x34 /opt/stm32cubeide/plugins/com.st.stm32cube.ide.mcu.externaltools.gnu-tools-for-stm32.13.3.rel1.linux64_1.0.0.202410170706/tools/bin/../lib/gcc/arm-none-eabi/13.3.1/../../../../arm-none-eabi/lib/thumb/v7e-m+fp/hard/libc_nano.a(libc_a-sprintf.o)
 .ARM.attributes
                0x0000041f       0x34 /opt/stm32cubeide/plugins/com.st.stm32cube.ide.mcu.externaltools.gnu-tools-for-stm32.13.3.rel1.linux64_1.0.0.202410170706/tools/bin/../lib/gcc/arm-none-eabi/13.3.1/../../../../arm-none-eabi/lib/thumb/v7e-m+fp/hard/libc_nano.a(libc_a-memset.o)
 .ARM.attributes
                0x00000453       0x34 /opt/stm32cubeide/plugins/com.st.stm32cube.ide.mcu.externaltools.gnu-tools-for-stm32.13.3.rel1.linux64_1.0.0.202410170706/tools/bin/../lib/gcc/arm-none-eabi/13.3.1/../../../../arm-none-eabi/lib/thumb/v7e-m+fp/hard/libc_nano.a(libc_a-reent.o)
 .ARM.attributes
                0x00000487       0x34 /opt/stm32cubeide/plugins/com.st.stm32cube.ide.mcu.externaltools.gnu-tools-for-stm32.13.3.rel1.linux64_1.0.0.202410170706/tools/bin/../lib/gcc/arm-none-eabi/13.3.1/../../../../arm-none-eabi/lib/thumb/v7e-m+fp/hard/libc_nano.a(libc_a-impure.o)
 .ARM.attributes
                0x000004bb       0x34 /opt/stm32cubeide/plugins/com.st.stm32cube.ide.mcu.externaltools.gnu-tools-for-stm32.13.3.rel1.linux64_1.0.0.202410170706/tools/bin/../lib/gcc/arm-none-eabi/13.3.1/../../../../arm-none-eabi/lib/thumb/v7e-m+fp/hard/libc_nano.a(libc_a-errno.o)
 .ARM.attributes
                0x000004ef       0x34 /opt/stm32cubeide/plugins/com.st.stm32cube.ide.mcu.externaltools.gnu-tools-for-stm32.13.3.rel1.linux64_1.0.0.202410170706/tools/bin/../lib/gcc/arm-none-eabi/13.3.1/../../../../arm-none-eabi/lib/thumb/v7e-m+fp/hard/libc_nano.a(libc_a-init.o)
 .ARM.attributes
                0x00000523       0x34 /opt/stm32cubeide/plugins/com.st.stm32cube.ide.mcu.externaltools.gnu-tools-for-stm32.13.3.rel1.linux64_1.0.0.202410170706/tools/bin/../lib/gcc/arm-none-eabi/13.3.1/../../../../arm-none-eabi/lib/thumb/v7e-m+fp/hard/libc_nano.a(libc_a-lock.o)
 .ARM.attributes
                0x00000557       0x17 /opt/stm32cubeide/plugins/com.st.stm32cube.ide.mcu.externaltools.gnu-tools-for-stm32.13.3.rel1.linux64_1.0.0.202410170706/tools/bin/../lib/gcc/arm-none-eabi/13.3.1/../../../../arm-none-eabi/lib/thumb/v7e-m+fp/hard/libc_nano.a(libc_a-strlen.o)
 .ARM.attributes
                0x0000056e       0x34 /opt/stm32cubeide/plugins/com.st.stm32cube.ide.mcu.externaltools.gnu-tools-for-stm32.13.3.rel1.linux64_1.0.0.202410170706/tools/bin/../lib/gcc/arm-none-eabi/13.3.1/../../../../arm-none-eabi/lib/thumb/v7e-m+fp/hard/libc_nano.a(libc_a-freer.o)
 .ARM.attributes
                0x000005a2       0x34 /opt/stm32cubeide/plugins/com.st.stm32cube.ide.mcu.externaltools.gnu-tools-for-stm32.13.3.rel1.linux64_1.0.0.202410170706/tools/bin/../lib/gcc/arm-none-eabi/13.3.1/../../../../arm-none-eabi/lib/thumb/v7e-m+fp/hard/libc_nano.a(libc_a-mallocr.o)
 .ARM.attributes
                0x000005d6       0x34 /opt/stm32cubeide/plugins/com.st.stm32cube.ide.mcu.externaltools.gnu-tools-for-stm32.13.3.rel1.linux64_1.0.0.202410170706/tools/bin/../lib/gcc/arm-none-eabi/13.3.1/../../../../arm-none-eabi/lib/thumb/v7e-m+fp/hard/libc_nano.a(libc_a-mlock.o)
 .ARM.attributes
                0x0000060a       0x34 /opt/stm32cubeide/plugins/com.st.stm32cube.ide.mcu.externaltools.gnu-tools-for-stm32.13.3.rel1.linux64_1.0.0.202410170706/tools/bin/../lib/gcc/arm-none-eabi/13.3.1/../../../../arm-none-eabi/lib/thumb/v7e-m+fp/hard/libc_nano.a(libc_a-nano-svfprintf.o)
 .ARM.attributes
                0x0000063e       0x34 /opt/stm32cubeide/plugins/com.st.stm32cube.ide.mcu.externaltools.gnu-tools-for-stm32.13.3.rel1.linux64_1.0.0.202410170706/tools/bin/../lib/gcc/arm-none-eabi/13.3.1/../../../../arm-none-eabi/lib/thumb/v7e-m+fp/hard/libc_nano.a(libc_a-nano-vfprintf_i.o)
 .ARM.attributes
                0x00000672       0x34 /opt/stm32cubeide/plugins/com.st.stm32cube.ide.mcu.externaltools.gnu-tools-for-stm32.13.3.rel1.linux64_1.0.0.202410170706/tools/bin/../lib/gcc/arm-none-eabi/13.3.1/../../../../arm-none-eabi/lib/thumb/v7e-m+fp/hard/libc_nano.a(libc_a-memmove.o)
 .ARM.attributes
                0x000006a6       0x34 /opt/stm32cubeide/plugins/com.st.stm32cube.ide.mcu.externaltools.gnu-tools-for-stm32.13.3.rel1.linux64_1.0.0.202410170706/tools/bin/../lib/gcc/arm-none-eabi/13.3.1/../../../../arm-none-eabi/lib/thumb/v7e-m+fp/hard/libc_nano.a(libc_a-sbrkr.o)
 .ARM.attributes
                0x000006da       0x1c /opt/stm32cubeide/plugins/com.st.stm32cube.ide.mcu.externaltools.gnu-tools-for-stm32.13.3.rel1.linux64_1.0.0.202410170706/tools/bin/../lib/gcc/arm-none-eabi/13.3.1/../../../../arm-none-eabi/lib/thumb/v7e-m+fp/hard/libc_nano.a(libc_a-memchr.o)
 .ARM.attributes
                0x000006f6       0x34 /opt/stm32cubeide/plugins/com.st.stm32cube.ide.mcu.externaltools.gnu-tools-for-stm32.13.3.rel1.linux64_1.0.0.202410170706/tools/bin/../lib/gcc/arm-none-eabi/13.3.1/../../../../arm-none-eabi/lib/thumb/v7e-m+fp/hard/libc_nano.a(libc_a-memcpy-stub.o)
 .ARM.attributes
                0x0000072a       0x34 /opt/stm32cubeide/plugins/com.st.stm32cube.ide.mcu.externaltools.gnu-tools-for-stm32.13.3.rel1.linux64_1.0.0.202410170706/tools/bin/../lib/gcc/arm-none-eabi/13.3.1/../../../../arm-none-eabi/lib/thumb/v7e-m+fp/hard/libc_nano.a(libc_a-reallocr.o)
 .ARM.attributes
                0x0000075e       0x34 /opt/stm32cubeide/plugins/com.st.stm32cube.ide.mcu.externaltools.gnu-tools-for-stm32.13.3.rel1.linux64_1.0.0.202410170706/tools/bin/../lib/gcc/arm-none-eabi/13.3.1/../../../../arm-none-eabi/lib/thumb/v7e-m+fp/hard/libc_nano.a(libc_a-msizer.o)
 .ARM.attributes
                0x00000792       0x22 /opt/stm32cubeide/plugins/com.st.stm32cube.ide.mcu.externaltools.gnu-tools-for-stm32.13.3.rel1.linux64_1.0.0.202410170706/tools/bin/../lib/gcc/arm-none-eabi/13.3.1/thumb/v7e-m+fp/hard/libgcc.a(_aeabi_uldivmod.o)
 .ARM.attributes
                0x000007b4       0x34 /opt/stm32cubeide/plugins/com.st.stm32cube.ide.mcu.externaltools.gnu-tools-for-stm32.13.3.rel1.linux64_1.0.0.202410170706/tools/bin/../lib/gcc/arm-none-eabi/13.3.1/thumb/v7e-m+fp/hard/libgcc.a(_udivmoddi4.o)
 .ARM.attributes
                0x000007e8       0x22 /opt/stm32cubeide/plugins/com.st.stm32cube.ide.mcu.externaltools.gnu-tools-for-stm32.13.3.rel1.linux64_1.0.0.202410170706/tools/bin/../lib/gcc/arm-none-eabi/13.3.1/thumb/v7e-m+fp/hard/libgcc.a(_dvmd_tls.o)
 .ARM.attributes
                0x0000080a       0x22 /opt/stm32cubeide/plugins/com.st.stm32cube.ide.mcu.externaltools.gnu-tools-for-stm32.13.3.rel1.linux64_1.0.0.202410170706/tools/bin/../lib/gcc/arm-none-eabi/13.3.1/thumb/v7e-m+fp/hard/crtn.o
OUTPUT(Intrusion_System.elf elf32-littlearm)
LOAD linker stubs
LOAD /opt/stm32cubeide/plugins/com.st.stm32cube.ide.mcu.externaltools.gnu-tools-for-stm32.13.3.rel1.linux64_1.0.0.202410170706/tools/bin/../lib/gcc/arm-none-eabi/13.3.1/../../../../arm-none-eabi/lib/thumb/v7e-m+fp/hard/libc.a
LOAD /opt/stm32cubeide/plugins/com.st.stm32cube.ide.mcu.externaltools.gnu-tools-for-stm32.13.3.rel1.linux64_1.0.0.202410170706/tools/bin/../lib/gcc/arm-none-eabi/13.3.1/../../../../arm-none-eabi/lib/thumb/v7e-m+fp/hard/libm.a
LOAD /opt/stm32cubeide/plugins/com.st.stm32cube.ide.mcu.externaltools.gnu-tools-for-stm32.13.3.rel1.linux64_1.0.0.202410170706/tools/bin/../lib/gcc/arm-none-eabi/13.3.1/thumb/v7e-m+fp/hard/libgcc.a

.debug_info     0x00000000     0xa3ba
 .debug_info    0x00000000      0x42d ./Core/Src/i2c.o
 .debug_info    0x0000042d      0x1d3 ./Core/Src/lcd.o
 .debug_info    0x00000600      0x88c ./Core/Src/led.o
 .debug_info    0x00000e8c      0xf79 ./Core/Src/main.o
 .debug_info    0x00001e05      0x75a ./Core/Src/rtc.o
 .debug_info    0x0000255f      0xbea ./Core/Src/stm32f4xx_hal_msp.o
 .debug_info    0x00003149      0x112 ./Core/Src/stm32f4xx_it.o
 .debug_info    0x0000325b      0x168 ./Core/Src/sysmem.o
 .debug_info    0x000033c3      0x512 ./Core/Src/system_stm32f4xx.o
 .debug_info    0x000038d5      0x850 ./Core/Src/timer.o
 .debug_info    0x00004125       0x30 ./Core/Startup/startup_stm32f407vgtx.o
 .debug_info    0x00004155      0x944 ./Drivers/STM32F4xx_HAL_Driver/Src/stm32f4xx_hal.o
 .debug_info    0x00004a99      0xcd4 ./Drivers/STM32F4xx_HAL_Driver/Src/stm32f4xx_hal_adc.o
 .debug_info    0x0000576d      0xd8c ./Drivers/STM32F4xx_HAL_Driver/Src/stm32f4xx_hal_cortex.o
 .debug_info    0x000064f9      0x6c3 ./Drivers/STM32F4xx_HAL_Driver/Src/stm32f4xx_hal_gpio.o
 .debug_info    0x00006bbc      0x8af ./Drivers/STM32F4xx_HAL_Driver/Src/stm32f4xx_hal_rcc.o
 .debug_info    0x0000746b     0x2f4f ./Drivers/STM32F4xx_HAL_Driver/Src/stm32f4xx_hal_uart.o

.debug_abbrev   0x00000000     0x1d3b
 .debug_abbrev  0x00000000      0x138 ./Core/Src/i2c.o
 .debug_abbrev  0x00000138       0xfc ./Core/Src/lcd.o
 .debug_abbrev  0x00000234      0x1db ./Core/Src/led.o
 .debug_abbrev  0x0000040f      0x2e9 ./Core/Src/main.o
 .debug_abbrev  0x000006f8      0x17d ./Core/Src/rtc.o
 .debug_abbrev  0x00000875      0x1c2 ./Core/Src/stm32f4xx_hal_msp.o
 .debug_abbrev  0x00000a37       0x73 ./Core/Src/stm32f4xx_it.o
 .debug_abbrev  0x00000aaa       0xbc ./Core/Src/sysmem.o
 .debug_abbrev  0x00000b66      0x11a ./Core/Src/system_stm32f4xx.o
 .debug_abbrev  0x00000c80      0x17b ./Core/Src/timer.o
 .debug_abbrev  0x00000dfb       0x24 ./Core/Startup/startup_stm32f407vgtx.o
 .debug_abbrev  0x00000e1f      0x214 ./Drivers/STM32F4xx_HAL_Driver/Src/stm32f4xx_hal.o
 .debug_abbrev  0x00001033      0x252 ./Drivers/STM32F4xx_HAL_Driver/Src/stm32f4xx_hal_adc.o
 .debug_abbrev  0x00001285      0x31d ./Drivers/STM32F4xx_HAL_Driver/Src/stm32f4xx_hal_cortex.o
 .debug_abbrev  0x000015a2      0x1d4 ./Drivers/STM32F4xx_HAL_Driver/Src/stm32f4xx_hal_gpio.o
 .debug_abbrev  0x00001776      0x2b7 ./Drivers/STM32F4xx_HAL_Driver/Src/stm32f4xx_hal_rcc.o
 .debug_abbrev  0x00001a2d      0x30e ./Drivers/STM32F4xx_HAL_Driver/Src/stm32f4xx_hal_uart.o

.debug_aranges  0x00000000      0x8b8
 .debug_aranges
                0x00000000       0x60 ./Core/Src/i2c.o
 .debug_aranges
                0x00000060       0x38 ./Core/Src/lcd.o
 .debug_aranges
                0x00000098       0x58 ./Core/Src/led.o
 .debug_aranges
                0x000000f0       0x48 ./Core/Src/main.o
 .debug_aranges
                0x00000138       0x50 ./Core/Src/rtc.o
 .debug_aranges
                0x00000188       0x40 ./Core/Src/stm32f4xx_hal_msp.o
 .debug_aranges
                0x000001c8       0x60 ./Core/Src/stm32f4xx_it.o
 .debug_aranges
                0x00000228       0x20 ./Core/Src/sysmem.o
 .debug_aranges
                0x00000248       0x28 ./Core/Src/system_stm32f4xx.o
 .debug_aranges
                0x00000270       0x30 ./Core/Src/timer.o
 .debug_aranges
                0x000002a0       0x28 ./Core/Startup/startup_stm32f407vgtx.o
 .debug_aranges
                0x000002c8       0xf0 ./Drivers/STM32F4xx_HAL_Driver/Src/stm32f4xx_hal.o
 .debug_aranges
                0x000003b8       0xe8 ./Drivers/STM32F4xx_HAL_Driver/Src/stm32f4xx_hal_adc.o
 .debug_aranges
                0x000004a0      0x130 ./Drivers/STM32F4xx_HAL_Driver/Src/stm32f4xx_hal_cortex.o
 .debug_aranges
                0x000005d0       0x58 ./Drivers/STM32F4xx_HAL_Driver/Src/stm32f4xx_hal_gpio.o
 .debug_aranges
                0x00000628       0x88 ./Drivers/STM32F4xx_HAL_Driver/Src/stm32f4xx_hal_rcc.o
 .debug_aranges
                0x000006b0      0x208 ./Drivers/STM32F4xx_HAL_Driver/Src/stm32f4xx_hal_uart.o

.debug_rnglists
                0x00000000      0x68e
 .debug_rnglists
                0x00000000       0x44 ./Core/Src/i2c.o
 .debug_rnglists
                0x00000044       0x25 ./Core/Src/lcd.o
 .debug_rnglists
                0x00000069       0x3d ./Core/Src/led.o
 .debug_rnglists
                0x000000a6       0x34 ./Core/Src/main.o
 .debug_rnglists
                0x000000da       0x38 ./Core/Src/rtc.o
 .debug_rnglists
                0x00000112       0x2d ./Core/Src/stm32f4xx_hal_msp.o
 .debug_rnglists
                0x0000013f       0x43 ./Core/Src/stm32f4xx_it.o
 .debug_rnglists
                0x00000182       0x13 ./Core/Src/sysmem.o
 .debug_rnglists
                0x00000195       0x1a ./Core/Src/system_stm32f4xx.o
 .debug_rnglists
                0x000001af       0x21 ./Core/Src/timer.o
 .debug_rnglists
                0x000001d0       0x19 ./Core/Startup/startup_stm32f407vgtx.o
 .debug_rnglists
                0x000001e9       0xaf ./Drivers/STM32F4xx_HAL_Driver/Src/stm32f4xx_hal.o
 .debug_rnglists
                0x00000298       0xb5 ./Drivers/STM32F4xx_HAL_Driver/Src/stm32f4xx_hal_adc.o
 .debug_rnglists
                0x0000034d       0xe0 ./Drivers/STM32F4xx_HAL_Driver/Src/stm32f4xx_hal_cortex.o
 .debug_rnglists
                0x0000042d       0x3f ./Drivers/STM32F4xx_HAL_Driver/Src/stm32f4xx_hal_gpio.o
 .debug_rnglists
                0x0000046c       0x66 ./Drivers/STM32F4xx_HAL_Driver/Src/stm32f4xx_hal_rcc.o
 .debug_rnglists
                0x000004d2      0x1bc ./Drivers/STM32F4xx_HAL_Driver/Src/stm32f4xx_hal_uart.o

.debug_macro    0x00000000    0x220ad
 .debug_macro   0x00000000      0x1eb ./Core/Src/i2c.o
 .debug_macro   0x000001eb      0xad8 ./Core/Src/i2c.o
 .debug_macro   0x00000cc3       0x10 ./Core/Src/i2c.o
 .debug_macro   0x00000cd3       0x2e ./Core/Src/i2c.o
 .debug_macro   0x00000d01       0x2f ./Core/Src/i2c.o
 .debug_macro   0x00000d30       0x22 ./Core/Src/i2c.o
 .debug_macro   0x00000d52       0x8e ./Core/Src/i2c.o
 .debug_macro   0x00000de0       0x51 ./Core/Src/i2c.o
 .debug_macro   0x00000e31      0x103 ./Core/Src/i2c.o
 .debug_macro   0x00000f34       0x6a ./Core/Src/i2c.o
 .debug_macro   0x00000f9e      0x1df ./Core/Src/i2c.o
 .debug_macro   0x0000117d       0x1c ./Core/Src/i2c.o
 .debug_macro   0x00001199       0x22 ./Core/Src/i2c.o
 .debug_macro   0x000011bb       0xfb ./Core/Src/i2c.o
 .debug_macro   0x000012b6     0x1011 ./Core/Src/i2c.o
 .debug_macro   0x000022c7      0x11f ./Core/Src/i2c.o
 .debug_macro   0x000023e6    0x15e97 ./Core/Src/i2c.o
 .debug_macro   0x0001827d       0x6d ./Core/Src/i2c.o
 .debug_macro   0x000182ea      0x29b ./Core/Src/i2c.o
 .debug_macro   0x00018585     0x369a ./Core/Src/i2c.o
 .debug_macro   0x0001bc1f      0x190 ./Core/Src/i2c.o
 .debug_macro   0x0001bdaf       0x5c ./Core/Src/i2c.o
 .debug_macro   0x0001be0b      0x980 ./Core/Src/i2c.o
 .debug_macro   0x0001c78b      0x9e9 ./Core/Src/i2c.o
 .debug_macro   0x0001d174      0x115 ./Core/Src/i2c.o
 .debug_macro   0x0001d289      0x13e ./Core/Src/i2c.o
 .debug_macro   0x0001d3c7       0xa5 ./Core/Src/i2c.o
 .debug_macro   0x0001d46c      0x174 ./Core/Src/i2c.o
 .debug_macro   0x0001d5e0      0x287 ./Core/Src/i2c.o
 .debug_macro   0x0001d867       0x5f ./Core/Src/i2c.o
 .debug_macro   0x0001d8c6      0x236 ./Core/Src/i2c.o
 .debug_macro   0x0001dafc      0xb5b ./Core/Src/i2c.o
 .debug_macro   0x0001e657      0x38b ./Core/Src/i2c.o
 .debug_macro   0x0001e9e2      0x176 ./Core/Src/i2c.o
 .debug_macro   0x0001eb58       0xf9 ./Core/Src/i2c.o
 .debug_macro   0x0001ec51      0x12c ./Core/Src/i2c.o
 .debug_macro   0x0001ed7d      0x21e ./Core/Src/i2c.o
 .debug_macro   0x0001ef9b       0x2e ./Core/Src/i2c.o
 .debug_macro   0x0001efc9      0x127 ./Core/Src/i2c.o
 .debug_macro   0x0001f0f0       0x7e ./Core/Src/i2c.o
 .debug_macro   0x0001f16e       0x89 ./Core/Src/i2c.o
 .debug_macro   0x0001f1f7      0x2aa ./Core/Src/i2c.o
 .debug_macro   0x0001f4a1      0x12d ./Core/Src/i2c.o
 .debug_macro   0x0001f5ce      0x1fa ./Core/Src/lcd.o
 .debug_macro   0x0001f7c8       0x70 ./Core/Src/lcd.o
 .debug_macro   0x0001f838      0x203 ./Core/Src/led.o
 .debug_macro   0x0001fa3b       0x10 ./Core/Src/led.o
 .debug_macro   0x0001fa4b       0x1c ./Core/Src/led.o
 .debug_macro   0x0001fa67       0x1c ./Core/Src/led.o
 .debug_macro   0x0001fa83      0x321 ./Core/Src/main.o
 .debug_macro   0x0001fda4       0x61 ./Core/Src/main.o
 .debug_macro   0x0001fe05       0x2a ./Core/Src/main.o
 .debug_macro   0x0001fe2f       0x43 ./Core/Src/main.o
 .debug_macro   0x0001fe72       0x34 ./Core/Src/main.o
 .debug_macro   0x0001fea6      0x370 ./Core/Src/main.o
 .debug_macro   0x00020216       0x16 ./Core/Src/main.o
 .debug_macro   0x0002022c       0x4a ./Core/Src/main.o
 .debug_macro   0x00020276       0x34 ./Core/Src/main.o
 .debug_macro   0x000202aa       0x10 ./Core/Src/main.o
 .debug_macro   0x000202ba       0x58 ./Core/Src/main.o
 .debug_macro   0x00020312       0x8e ./Core/Src/main.o
 .debug_macro   0x000203a0       0x1c ./Core/Src/main.o
 .debug_macro   0x000203bc      0x185 ./Core/Src/main.o
 .debug_macro   0x00020541       0x10 ./Core/Src/main.o
 .debug_macro   0x00020551       0x3c ./Core/Src/main.o
 .debug_macro   0x0002058d       0x20 ./Core/Src/main.o
 .debug_macro   0x000205ad       0x1c ./Core/Src/main.o
 .debug_macro   0x000205c9       0x10 ./Core/Src/main.o
 .debug_macro   0x000205d9       0x1c ./Core/Src/main.o
 .debug_macro   0x000205f5       0x16 ./Core/Src/main.o
 .debug_macro   0x0002060b      0x146 ./Core/Src/main.o
 .debug_macro   0x00020751       0x28 ./Core/Src/main.o
 .debug_macro   0x00020779       0x16 ./Core/Src/main.o
 .debug_macro   0x0002078f       0x16 ./Core/Src/main.o
 .debug_macro   0x000207a5      0x1f1 ./Core/Src/rtc.o
 .debug_macro   0x00020996       0x10 ./Core/Src/rtc.o
 .debug_macro   0x000209a6      0x1ec ./Core/Src/stm32f4xx_hal_msp.o
 .debug_macro   0x00020b92      0x1f6 ./Core/Src/stm32f4xx_it.o
 .debug_macro   0x00020d88      0x112 ./Core/Src/sysmem.o
 .debug_macro   0x00020e9a      0x23c ./Core/Src/sysmem.o
 .debug_macro   0x000210d6      0x1e2 ./Core/Src/system_stm32f4xx.o
 .debug_macro   0x000212b8      0x20d ./Core/Src/timer.o
 .debug_macro   0x000214c5       0x10 ./Core/Src/timer.o
 .debug_macro   0x000214d5      0x242 ./Drivers/STM32F4xx_HAL_Driver/Src/stm32f4xx_hal.o
 .debug_macro   0x00021717      0x1e3 ./Drivers/STM32F4xx_HAL_Driver/Src/stm32f4xx_hal_adc.o
 .debug_macro   0x000218fa      0x1e2 ./Drivers/STM32F4xx_HAL_Driver/Src/stm32f4xx_hal_cortex.o
 .debug_macro   0x00021adc      0x1e8 ./Drivers/STM32F4xx_HAL_Driver/Src/stm32f4xx_hal_gpio.o
 .debug_macro   0x00021cc4      0x206 ./Drivers/STM32F4xx_HAL_Driver/Src/stm32f4xx_hal_rcc.o
 .debug_macro   0x00021eca      0x1e3 ./Drivers/STM32F4xx_HAL_Driver/Src/stm32f4xx_hal_uart.o

.debug_line     0x00000000     0xae95
 .debug_line    0x00000000      0x849 ./Core/Src/i2c.o
 .debug_line    0x00000849      0x70a ./Core/Src/lcd.o
 .debug_line    0x00000f53      0x798 ./Core/Src/led.o
 .debug_line    0x000016eb      0x9c1 ./Core/Src/main.o
 .debug_line    0x000020ac      0x847 ./Core/Src/rtc.o
 .debug_line    0x000028f3      0x70e ./Core/Src/stm32f4xx_hal_msp.o
 .debug_line    0x00003001      0x728 ./Core/Src/stm32f4xx_it.o
 .debug_line    0x00003729      0x48b ./Core/Src/sysmem.o
 .debug_line    0x00003bb4      0x6fe ./Core/Src/system_stm32f4xx.o
 .debug_line    0x000042b2      0x78d ./Core/Src/timer.o
 .debug_line    0x00004a3f       0x7a ./Core/Startup/startup_stm32f407vgtx.o
 .debug_line    0x00004ab9      0x96b ./Drivers/STM32F4xx_HAL_Driver/Src/stm32f4xx_hal.o
 .debug_line    0x00005424     0x117f ./Drivers/STM32F4xx_HAL_Driver/Src/stm32f4xx_hal_adc.o
 .debug_line    0x000065a3      0xc3b ./Drivers/STM32F4xx_HAL_Driver/Src/stm32f4xx_hal_cortex.o
 .debug_line    0x000071de      0xac3 ./Drivers/STM32F4xx_HAL_Driver/Src/stm32f4xx_hal_gpio.o
 .debug_line    0x00007ca1      0xd7a ./Drivers/STM32F4xx_HAL_Driver/Src/stm32f4xx_hal_rcc.o
 .debug_line    0x00008a1b     0x247a ./Drivers/STM32F4xx_HAL_Driver/Src/stm32f4xx_hal_uart.o

.debug_str      0x00000000    0xcf843
 .debug_str     0x00000000    0xcf843 ./Core/Src/i2c.o
                              0xc93d8 (size before relaxing)
 .debug_str     0x000cf843    0xc9396 ./Core/Src/lcd.o
 .debug_str     0x000cf843    0xc99a0 ./Core/Src/led.o
 .debug_str     0x000cf843    0xcd620 ./Core/Src/main.o
 .debug_str     0x000cf843    0xc94bd ./Core/Src/rtc.o
 .debug_str     0x000cf843    0xc99fe ./Core/Src/stm32f4xx_hal_msp.o
 .debug_str     0x000cf843    0xc929b ./Core/Src/stm32f4xx_it.o
 .debug_str     0x000cf843     0x7781 ./Core/Src/sysmem.o
 .debug_str     0x000cf843    0xc93c5 ./Core/Src/system_stm32f4xx.o
 .debug_str     0x000cf843    0xc99bd ./Core/Src/timer.o
 .debug_str     0x000cf843       0x83 ./Core/Startup/startup_stm32f407vgtx.o
 .debug_str     0x000cf843    0xc9f49 ./Drivers/STM32F4xx_HAL_Driver/Src/stm32f4xx_hal.o
 .debug_str     0x000cf843    0xc99b2 ./Drivers/STM32F4xx_HAL_Driver/Src/stm32f4xx_hal_adc.o
 .debug_str     0x000cf843    0xc9cc5 ./Drivers/STM32F4xx_HAL_Driver/Src/stm32f4xx_hal_cortex.o
 .debug_str     0x000cf843    0xc9540 ./Drivers/STM32F4xx_HAL_Driver/Src/stm32f4xx_hal_gpio.o
 .debug_str     0x000cf843    0xc97f9 ./Drivers/STM32F4xx_HAL_Driver/Src/stm32f4xx_hal_rcc.o
 .debug_str     0x000cf843    0xc9dda ./Drivers/STM32F4xx_HAL_Driver/Src/stm32f4xx_hal_uart.o

.comment        0x00000000       0x43
 .comment       0x00000000       0x43 ./Core/Src/i2c.o
                                 0x44 (size before relaxing)
 .comment       0x00000043       0x44 ./Core/Src/lcd.o
 .comment       0x00000043       0x44 ./Core/Src/led.o
 .comment       0x00000043       0x44 ./Core/Src/main.o
 .comment       0x00000043       0x44 ./Core/Src/rtc.o
 .comment       0x00000043       0x44 ./Core/Src/stm32f4xx_hal_msp.o
 .comment       0x00000043       0x44 ./Core/Src/stm32f4xx_it.o
 .comment       0x00000043       0x44 ./Core/Src/sysmem.o
 .comment       0x00000043       0x44 ./Core/Src/system_stm32f4xx.o
 .comment       0x00000043       0x44 ./Core/Src/timer.o
 .comment       0x00000043       0x44 ./Drivers/STM32F4xx_HAL_Driver/Src/stm32f4xx_hal.o
 .comment       0x00000043       0x44 ./Drivers/STM32F4xx_HAL_Driver/Src/stm32f4xx_hal_adc.o
 .comment       0x00000043       0x44 ./Drivers/STM32F4xx_HAL_Driver/Src/stm32f4xx_hal_cortex.o
 .comment       0x00000043       0x44 ./Drivers/STM32F4xx_HAL_Driver/Src/stm32f4xx_hal_gpio.o
 .comment       0x00000043       0x44 ./Drivers/STM32F4xx_HAL_Driver/Src/stm32f4xx_hal_rcc.o
 .comment       0x00000043       0x44 ./Drivers/STM32F4xx_HAL_Driver/Src/stm32f4xx_hal_uart.o

.debug_frame    0x00000000     0x26b4
 .debug_frame   0x00000000      0x140 ./Core/Src/i2c.o
 .debug_frame   0x00000140       0x98 ./Core/Src/lcd.o
 .debug_frame   0x000001d8      0x138 ./Core/Src/led.o
 .debug_frame   0x00000310       0xd4 ./Core/Src/main.o
 .debug_frame   0x000003e4      0x114 ./Core/Src/rtc.o
 .debug_frame   0x000004f8       0xc4 ./Core/Src/stm32f4xx_hal_msp.o
 .debug_frame   0x000005bc      0x104 ./Core/Src/stm32f4xx_it.o
 .debug_frame   0x000006c0       0x34 ./Core/Src/sysmem.o
 .debug_frame   0x000006f4       0x58 ./Core/Src/system_stm32f4xx.o
 .debug_frame   0x0000074c       0x70 ./Core/Src/timer.o
 .debug_frame   0x000007bc      0x374 ./Drivers/STM32F4xx_HAL_Driver/Src/stm32f4xx_hal.o
 .debug_frame   0x00000b30      0x3fc ./Drivers/STM32F4xx_HAL_Driver/Src/stm32f4xx_hal_adc.o
 .debug_frame   0x00000f2c      0x508 ./Drivers/STM32F4xx_HAL_Driver/Src/stm32f4xx_hal_cortex.o
 .debug_frame   0x00001434      0x14c ./Drivers/STM32F4xx_HAL_Driver/Src/stm32f4xx_hal_gpio.o
 .debug_frame   0x00001580      0x1f4 ./Drivers/STM32F4xx_HAL_Driver/Src/stm32f4xx_hal_rcc.o
 .debug_frame   0x00001774      0x954 ./Drivers/STM32F4xx_HAL_Driver/Src/stm32f4xx_hal_uart.o
 .debug_frame   0x000020c8      0x144 /opt/stm32cubeide/plugins/com.st.stm32cube.ide.mcu.externaltools.gnu-tools-for-stm32.13.3.rel1.linux64_1.0.0.202410170706/tools/bin/../lib/gcc/arm-none-eabi/13.3.1/../../../../arm-none-eabi/lib/thumb/v7e-m+fp/hard/libc_nano.a(libc_a-findfp.o)
 .debug_frame   0x0000220c       0x74 /opt/stm32cubeide/plugins/com.st.stm32cube.ide.mcu.externaltools.gnu-tools-for-stm32.13.3.rel1.linux64_1.0.0.202410170706/tools/bin/../lib/gcc/arm-none-eabi/13.3.1/../../../../arm-none-eabi/lib/thumb/v7e-m+fp/hard/libc_nano.a(libc_a-sprintf.o)
 .debug_frame   0x00002280       0x20 /opt/stm32cubeide/plugins/com.st.stm32cube.ide.mcu.externaltools.gnu-tools-for-stm32.13.3.rel1.linux64_1.0.0.202410170706/tools/bin/../lib/gcc/arm-none-eabi/13.3.1/../../../../arm-none-eabi/lib/thumb/v7e-m+fp/hard/libc_nano.a(libc_a-memset.o)
 .debug_frame   0x000022a0       0x38 /opt/stm32cubeide/plugins/com.st.stm32cube.ide.mcu.externaltools.gnu-tools-for-stm32.13.3.rel1.linux64_1.0.0.202410170706/tools/bin/../lib/gcc/arm-none-eabi/13.3.1/../../../../arm-none-eabi/lib/thumb/v7e-m+fp/hard/libc_nano.a(libc_a-reent.o)
 .debug_frame   0x000022d8       0x20 /opt/stm32cubeide/plugins/com.st.stm32cube.ide.mcu.externaltools.gnu-tools-for-stm32.13.3.rel1.linux64_1.0.0.202410170706/tools/bin/../lib/gcc/arm-none-eabi/13.3.1/../../../../arm-none-eabi/lib/thumb/v7e-m+fp/hard/libc_nano.a(libc_a-errno.o)
 .debug_frame   0x000022f8       0x2c /opt/stm32cubeide/plugins/com.st.stm32cube.ide.mcu.externaltools.gnu-tools-for-stm32.13.3.rel1.linux64_1.0.0.202410170706/tools/bin/../lib/gcc/arm-none-eabi/13.3.1/../../../../arm-none-eabi/lib/thumb/v7e-m+fp/hard/libc_nano.a(libc_a-init.o)
 .debug_frame   0x00002324       0xb0 /opt/stm32cubeide/plugins/com.st.stm32cube.ide.mcu.externaltools.gnu-tools-for-stm32.13.3.rel1.linux64_1.0.0.202410170706/tools/bin/../lib/gcc/arm-none-eabi/13.3.1/../../../../arm-none-eabi/lib/thumb/v7e-m+fp/hard/libc_nano.a(libc_a-lock.o)
 .debug_frame   0x000023d4       0x38 /opt/stm32cubeide/plugins/com.st.stm32cube.ide.mcu.externaltools.gnu-tools-for-stm32.13.3.rel1.linux64_1.0.0.202410170706/tools/bin/../lib/gcc/arm-none-eabi/13.3.1/../../../../arm-none-eabi/lib/thumb/v7e-m+fp/hard/libc_nano.a(libc_a-freer.o)
 .debug_frame   0x0000240c       0x50 /opt/stm32cubeide/plugins/com.st.stm32cube.ide.mcu.externaltools.gnu-tools-for-stm32.13.3.rel1.linux64_1.0.0.202410170706/tools/bin/../lib/gcc/arm-none-eabi/13.3.1/../../../../arm-none-eabi/lib/thumb/v7e-m+fp/hard/libc_nano.a(libc_a-mallocr.o)
 .debug_frame   0x0000245c       0x30 /opt/stm32cubeide/plugins/com.st.stm32cube.ide.mcu.externaltools.gnu-tools-for-stm32.13.3.rel1.linux64_1.0.0.202410170706/tools/bin/../lib/gcc/arm-none-eabi/13.3.1/../../../../arm-none-eabi/lib/thumb/v7e-m+fp/hard/libc_nano.a(libc_a-mlock.o)
 .debug_frame   0x0000248c       0x90 /opt/stm32cubeide/plugins/com.st.stm32cube.ide.mcu.externaltools.gnu-tools-for-stm32.13.3.rel1.linux64_1.0.0.202410170706/tools/bin/../lib/gcc/arm-none-eabi/13.3.1/../../../../arm-none-eabi/lib/thumb/v7e-m+fp/hard/libc_nano.a(libc_a-nano-svfprintf.o)
 .debug_frame   0x0000251c       0x60 /opt/stm32cubeide/plugins/com.st.stm32cube.ide.mcu.externaltools.gnu-tools-for-stm32.13.3.rel1.linux64_1.0.0.202410170706/tools/bin/../lib/gcc/arm-none-eabi/13.3.1/../../../../arm-none-eabi/lib/thumb/v7e-m+fp/hard/libc_nano.a(libc_a-nano-vfprintf_i.o)
 .debug_frame   0x0000257c       0x28 /opt/stm32cubeide/plugins/com.st.stm32cube.ide.mcu.externaltools.gnu-tools-for-stm32.13.3.rel1.linux64_1.0.0.202410170706/tools/bin/../lib/gcc/arm-none-eabi/13.3.1/../../../../arm-none-eabi/lib/thumb/v7e-m+fp/hard/libc_nano.a(libc_a-memmove.o)
 .debug_frame   0x000025a4       0x2c /opt/stm32cubeide/plugins/com.st.stm32cube.ide.mcu.externaltools.gnu-tools-for-stm32.13.3.rel1.linux64_1.0.0.202410170706/tools/bin/../lib/gcc/arm-none-eabi/13.3.1/../../../../arm-none-eabi/lib/thumb/v7e-m+fp/hard/libc_nano.a(libc_a-sbrkr.o)
 .debug_frame   0x000025d0       0x28 /opt/stm32cubeide/plugins/com.st.stm32cube.ide.mcu.externaltools.gnu-tools-for-stm32.13.3.rel1.linux64_1.0.0.202410170706/tools/bin/../lib/gcc/arm-none-eabi/13.3.1/../../../../arm-none-eabi/lib/thumb/v7e-m+fp/hard/libc_nano.a(libc_a-memcpy-stub.o)
 .debug_frame   0x000025f8       0x3c /opt/stm32cubeide/plugins/com.st.stm32cube.ide.mcu.externaltools.gnu-tools-for-stm32.13.3.rel1.linux64_1.0.0.202410170706/tools/bin/../lib/gcc/arm-none-eabi/13.3.1/../../../../arm-none-eabi/lib/thumb/v7e-m+fp/hard/libc_nano.a(libc_a-reallocr.o)
 .debug_frame   0x00002634       0x20 /opt/stm32cubeide/plugins/com.st.stm32cube.ide.mcu.externaltools.gnu-tools-for-stm32.13.3.rel1.linux64_1.0.0.202410170706/tools/bin/../lib/gcc/arm-none-eabi/13.3.1/../../../../arm-none-eabi/lib/thumb/v7e-m+fp/hard/libc_nano.a(libc_a-msizer.o)
 .debug_frame   0x00002654       0x2c /opt/stm32cubeide/plugins/com.st.stm32cube.ide.mcu.externaltools.gnu-tools-for-stm32.13.3.rel1.linux64_1.0.0.202410170706/tools/bin/../lib/gcc/arm-none-eabi/13.3.1/thumb/v7e-m+fp/hard/libgcc.a(_aeabi_uldivmod.o)
 .debug_frame   0x00002680       0x34 /opt/stm32cubeide/plugins/com.st.stm32cube.ide.mcu.externaltools.gnu-tools-for-stm32.13.3.rel1.linux64_1.0.0.202410170706/tools/bin/../lib/gcc/arm-none-eabi/13.3.1/thumb/v7e-m+fp/hard/libgcc.a(_udivmoddi4.o)

.debug_line_str
                0x00000000       0x67
 .debug_line_str
                0x00000000       0x67 ./Core/Startup/startup_stm32f407vgtx.o
